<html>
<body>
<pre>
<h1>µVision Build Log</h1>
<h2>Tool Versions:</h2>
IDE-Version: ¦ÌVision V5.26.2.0
Copyright (C) 2018 ARM Ltd and ARM Germany GmbH. All rights reserved.
License Information: 1213 465, 78, LIC=CRMHL-0L2TL-043SQ-NKQCB-D6AJ2-XAQLW
 
Tool Versions:
Toolchain:       MDK-ARM Professional  Version: 5.26.2.0
Toolchain Path:  C:\Keil_v5\ARM\ARMCC\Bin
C Compiler:      Armcc.exe V5.06 update 6 (build 750)
Assembler:       Armasm.exe V5.06 update 6 (build 750)
Linker/Locator:  ArmLink.exe V5.06 update 6 (build 750)
Library Manager: ArmAr.exe V5.06 update 6 (build 750)
Hex Converter:   FromElf.exe V5.06 update 6 (build 750)
CPU DLL:         SARMCM3.DLL V5.26.2.0
Dialog DLL:      DCM.DLL V1.17.2.0
Target DLL:      STLink\ST-LINKIII-KEIL_SWO.dll V3.0.5.0
Dialog DLL:      TCM.DLL V1.36.1.0
 
<h2>Project:</h2>
D:\RT1052\IPC-master\project\mdk\YH-RT1052.uvprojx
Project File Date:  12/31/2019

<h2>Output:</h2>
*** Using Compiler 'V5.06 update 6 (build 750)', folder: 'C:\Keil_v5\ARM\ARMCC\Bin'
Build target 'nor_txt_ram'
compiling myheap4.c...
compiling main.c...
compiling freertos.c...
compiling lwip_app.c...
compiling 1.c...
compiling app_ui.c...
compiling fonts.c...
compiling bsp_led.c...
compiling fsl_phy.c...
compiling bsp_enet.c...
compiling bsp_base.c...
compiling bsp_lpuart.c...
compiling bsp_ov7670.c...
compiling fsl_csi_camera_adapter.c...
compiling fsl_sccb.c...
compiling fsl_ov7670.c...
compiling bsp_lcd.c...
..\..\user\bsp\bsp_lcd.c(336): warning:  #177-D: variable "j"  was declared but never referenced
  	uint16_t i,j;
..\..\user\bsp\bsp_lcd.c(337): warning:  #177-D: variable "data"  was declared but never referenced
  	uint8_t *data;
..\..\user\bsp\bsp_lcd.c: 2 warnings, 0 errors
compiling fsl_clock.c...
compiling fsl_gpio.c...
compiling fsl_lpuart.c...
compiling fsl_common.c...
compiling fsl_enet.c...
compiling fsl_csi.c...
compiling fsl_lpi2c.c...
compiling fsl_elcdif.c...
compiling system_MIMXRT1052.c...
compiling board.c...
compiling fsl_tickless_systick.c...
compiling fire_imxrt1052_sdram_ini_dcd.c...
compiling clock_config.c...
compiling pin_mux.c...
compiling fire_imxrt1052_spiflash_config.c...
compiling event_groups.c...
compiling fsl_flexspi_nor_boot.c...
compiling list.c...
compiling queue.c...
compiling stream_buffer.c...
compiling tasks.c...
compiling timers.c...
compiling heap_4.c...
compiling port.c...
compiling ethernetif.c...
compiling GUI_VNC_X_StartServer.c...
compiling emwin_support.c...
compiling sys_arch.c...
compiling api_lib.c...
compiling api_msg.c...
compiling err.c...
compiling netbuf.c...
compiling netdb.c...
compiling netifapi.c...
compiling tcpip.c...
compiling sockets.c...
compiling def.c...
compiling dns.c...
compiling inet_chksum.c...
compiling init.c...
compiling ip.c...
compiling mem.c...
compiling netif.c...
compiling memp.c...
compiling pbuf.c...
compiling stats.c...
compiling raw.c...
compiling sys.c...
compiling tcp.c...
compiling tcp_in.c...
compiling tcp_out.c...
compiling timeouts.c...
compiling udp.c...
compiling autoip.c...
compiling dhcp.c...
compiling etharp.c...
compiling icmp.c...
compiling igmp.c...
compiling ip4.c...
compiling ip4_addr.c...
compiling ip4_frag.c...
compiling dhcp6.c...
compiling ethip6.c...
compiling icmp6.c...
compiling inet6.c...
compiling ip6.c...
compiling ip6_addr.c...
compiling ip6_frag.c...
compiling mld6.c...
compiling nd6.c...
compiling ethernet.c...
compiling lowpan6.c...
compiling slipif.c...
compiling auth.c...
compiling ccp.c...
compiling chap_ms.c...
compiling chap-md5.c...
compiling chap-new.c...
compiling eap.c...
compiling demand.c...
compiling eui64.c...
compiling fsm.c...
compiling ipcp.c...
compiling ipv6cp.c...
compiling lcp.c...
compiling lwip_ecp.c...
compiling magic.c...
compiling mppe.c...
compiling multilink.c...
compiling ppp.c...
compiling pppapi.c...
compiling pppcrypt.c...
compiling pppoe.c...
compiling pppol2tp.c...
compiling pppos.c...
compiling upap.c...
compiling utils.c...
compiling t_shell.c...
compiling vj.c...
compiling t_debug.c...
compiling jcapimin.c...
compiling t_str.c...
compiling jcapistd.c...
compiling jccoefct.c...
compiling jccolor.c...
compiling jcdctmgr.c...
compiling jcmainct.c...
compiling jcinit.c...
compiling jcparam.c...
compiling jcomapi.c...
compiling jcmaster.c...
compiling jcsample.c...
compiling jcprepct.c...
compiling jctrans.c...
compiling jdapimin.c...
compiling jdapistd.c...
compiling jcarith.c...
compiling jcmarker.c...
compiling jchuff.c...
compiling jdatadst.c...
compiling jdmaster.c...
compiling jidctfst.c...
compiling jdinput.c...
compiling jdmainct.c...
compiling jfdctint.c...
compiling jdpostct.c...
compiling jdcoefct.c...
compiling jdarith.c...
compiling jdmarker.c...
compiling jdhuff.c...
compiling jddctmgr.c...
compiling jidctflt.c...
compiling jdsample.c...
compiling jdcolor.c...
compiling jdmerge.c...
compiling jidctint.c...
compiling jquant1.c...
compiling jdatasrc.c...
compiling jquant2.c...
compiling jaricom.c...
compiling jerror.c...
compiling jmemmgr.c...
compiling jutils.c...
compiling jmemnobs.c...
compiling jfdctflt.c...
compiling jfdctfst.c...
compiling fs.c...
compiling httpd.c...
linking...
Program Size: Code=159908 RO-data=35124 RW-data=696 ZI-data=27400096  
".\nor_txt_ram\Objects\libjpeg.axf" - 0 Error(s), 2 Warning(s).

<h2>Software Packages used:</h2>

Package Vendor: NXP
                http://mcuxpresso.nxp.com/cmsis_pack/repo/NXP.MIMXRT1052_DFP.11.0.0.pack
                NXP.MIMXRT1052_DFP.11.0.0
                Device Family Pack for MIMXRT1052

<h2>Collection of Component include folders:</h2>
  .\RTE\_nor_txt_ram
  C:\Keil_v5\ARM\PACK\NXP\MIMXRT1052_DFP\11.0.0

<h2>Collection of Component Files used:</h2>
Build Time Elapsed:  00:00:33
</pre>
</body>
</html>
