<!doctype html public "-//w3c//dtd html 4.0 transitional//en">
<html><head>
<title>Static Call Graph - [.\nor_txt_ram\Objects\libjpeg.axf]</title></head>
<body><HR>
<H1>Static Call Graph for image .\nor_txt_ram\Objects\libjpeg.axf</H1><HR>
<BR><P>#&#060CALLGRAPH&#062# ARM Linker, 5060750: Last Updated: Wed Jan 01 14:46:15 2020
<BR><P>
<H3>Maximum Stack Usage =       3352 bytes + Unknown(Cycles, Untraceable Function Pointers)</H3><H3>
Call chain for Maximum Stack Depth:</H3>
vTaskCodeUi &rArr; task_creamra_jpeg_lcd_stream &rArr; rgb565_jpeg &rArr; rgb888_jpeg_compress &rArr; jpeg_start_compress &rArr; jinit_compress_master &rArr; jinit_c_master_control &rArr; validate_script
<P>
<H3>
Mutually Recursive functions
</H3> <LI><a href="#[3]">NMI_Handler</a>&nbsp;&nbsp;&nbsp;&rArr;&nbsp;&nbsp;&nbsp;<a href="#[3]">NMI_Handler</a><BR>
 <LI><a href="#[4]">HardFault_Handler</a>&nbsp;&nbsp;&nbsp;&rArr;&nbsp;&nbsp;&nbsp;<a href="#[4]">HardFault_Handler</a><BR>
 <LI><a href="#[5]">MemManage_Handler</a>&nbsp;&nbsp;&nbsp;&rArr;&nbsp;&nbsp;&nbsp;<a href="#[5]">MemManage_Handler</a><BR>
 <LI><a href="#[6]">BusFault_Handler</a>&nbsp;&nbsp;&nbsp;&rArr;&nbsp;&nbsp;&nbsp;<a href="#[6]">BusFault_Handler</a><BR>
 <LI><a href="#[7]">UsageFault_Handler</a>&nbsp;&nbsp;&nbsp;&rArr;&nbsp;&nbsp;&nbsp;<a href="#[7]">UsageFault_Handler</a><BR>
 <LI><a href="#[9]">DebugMon_Handler</a>&nbsp;&nbsp;&nbsp;&rArr;&nbsp;&nbsp;&nbsp;<a href="#[9]">DebugMon_Handler</a><BR>
 <LI><a href="#[1d3]">__aeabi_assert</a>&nbsp;&nbsp;&nbsp;&rArr;&nbsp;&nbsp;&nbsp;<a href="#[17e]">DbgConsole_Printf</a><BR>
 <LI><a href="#[396]">lwip_sendto</a>&nbsp;&nbsp;&nbsp;&rArr;&nbsp;&nbsp;&nbsp;<a href="#[26c]">lwip_send</a><BR>
 <LI><a href="#[37a]">netconn_drain</a>&nbsp;&nbsp;&nbsp;&rArr;&nbsp;&nbsp;&nbsp;<a href="#[37a]">netconn_drain</a><BR>
</UL>
<P>
<H3>
Function Pointers
</H3><UL>
 <LI><a href="#[87]">ACMP1_IRQHandler</a> from startup_mimxrt1052.o(.text) referenced from startup_mimxrt1052.o(RESET)
 <LI><a href="#[88]">ACMP2_IRQHandler</a> from startup_mimxrt1052.o(.text) referenced from startup_mimxrt1052.o(RESET)
 <LI><a href="#[89]">ACMP3_IRQHandler</a> from startup_mimxrt1052.o(.text) referenced from startup_mimxrt1052.o(RESET)
 <LI><a href="#[8a]">ACMP4_IRQHandler</a> from startup_mimxrt1052.o(.text) referenced from startup_mimxrt1052.o(RESET)
 <LI><a href="#[4f]">ADC1_IRQHandler</a> from startup_mimxrt1052.o(.text) referenced from startup_mimxrt1052.o(RESET)
 <LI><a href="#[50]">ADC2_IRQHandler</a> from startup_mimxrt1052.o(.text) referenced from startup_mimxrt1052.o(RESET)
 <LI><a href="#[85]">ADC_ETC_ERROR_IRQ_IRQHandler</a> from startup_mimxrt1052.o(.text) referenced from startup_mimxrt1052.o(RESET)
 <LI><a href="#[82]">ADC_ETC_IRQ0_IRQHandler</a> from startup_mimxrt1052.o(.text) referenced from startup_mimxrt1052.o(RESET)
 <LI><a href="#[83]">ADC_ETC_IRQ1_IRQHandler</a> from startup_mimxrt1052.o(.text) referenced from startup_mimxrt1052.o(RESET)
 <LI><a href="#[84]">ADC_ETC_IRQ2_IRQHandler</a> from startup_mimxrt1052.o(.text) referenced from startup_mimxrt1052.o(RESET)
 <LI><a href="#[49]">ANATOP_EVENT0_IRQHandler</a> from startup_mimxrt1052.o(.text) referenced from startup_mimxrt1052.o(RESET)
 <LI><a href="#[4a]">ANATOP_EVENT1_IRQHandler</a> from startup_mimxrt1052.o(.text) referenced from startup_mimxrt1052.o(RESET)
 <LI><a href="#[4b]">ANATOP_TAMP_LOW_HIGH_IRQHandler</a> from startup_mimxrt1052.o(.text) referenced from startup_mimxrt1052.o(RESET)
 <LI><a href="#[4c]">ANATOP_TEMP_PANIC_IRQHandler</a> from startup_mimxrt1052.o(.text) referenced from startup_mimxrt1052.o(RESET)
 <LI><a href="#[43]">BEE_IRQHandler</a> from startup_mimxrt1052.o(.text) referenced from startup_mimxrt1052.o(RESET)
 <LI><a href="#[1]">BOARD_PullCameraPowerDownPin</a> from bsp_ov7670.o(i.BOARD_PullCameraPowerDownPin) referenced 2 times from bsp_ov7670.o(.data)
 <LI><a href="#[0]">BOARD_PullCameraResetPin</a> from bsp_ov7670.o(i.BOARD_PullCameraResetPin) referenced 2 times from bsp_ov7670.o(.data)
 <LI><a href="#[6]">BusFault_Handler</a> from startup_mimxrt1052.o(.text) referenced from startup_mimxrt1052.o(RESET)
 <LI><a href="#[d1]">CAN1_DriverIRQHandler</a> from startup_mimxrt1052.o(.text) referenced from startup_mimxrt1052.o(.text)
 <LI><a href="#[30]">CAN1_IRQHandler</a> from startup_mimxrt1052.o(.text) referenced from startup_mimxrt1052.o(RESET)
 <LI><a href="#[d2]">CAN2_DriverIRQHandler</a> from startup_mimxrt1052.o(.text) referenced from startup_mimxrt1052.o(.text)
 <LI><a href="#[31]">CAN2_IRQHandler</a> from startup_mimxrt1052.o(.text) referenced from startup_mimxrt1052.o(RESET)
 <LI><a href="#[6b]">CCM_1_IRQHandler</a> from startup_mimxrt1052.o(.text) referenced from startup_mimxrt1052.o(RESET)
 <LI><a href="#[6c]">CCM_2_IRQHandler</a> from startup_mimxrt1052.o(.text) referenced from startup_mimxrt1052.o(RESET)
 <LI><a href="#[1f]">CORE_IRQHandler</a> from startup_mimxrt1052.o(.text) referenced from startup_mimxrt1052.o(RESET)
 <LI><a href="#[e3]">CSI_ADAPTER_Callback</a> from fsl_csi_camera_adapter.o(i.CSI_ADAPTER_Callback) referenced from fsl_csi_camera_adapter.o(i.CSI_ADAPTER_Init)
 <LI><a href="#[18b]">CSI_ADAPTER_Deinit</a> from fsl_csi_camera_adapter.o(i.CSI_ADAPTER_Deinit) referenced from fsl_csi_camera_adapter.o(.constdata)
 <LI><a href="#[18f]">CSI_ADAPTER_GetFullBuffer</a> from fsl_csi_camera_adapter.o(i.CSI_ADAPTER_GetFullBuffer) referenced from fsl_csi_camera_adapter.o(.constdata)
 <LI><a href="#[18a]">CSI_ADAPTER_Init</a> from fsl_csi_camera_adapter.o(i.CSI_ADAPTER_Init) referenced from fsl_csi_camera_adapter.o(.constdata)
 <LI><a href="#[190]">CSI_ADAPTER_InitExt</a> from fsl_csi_camera_adapter.o(i.CSI_ADAPTER_InitExt) referenced from fsl_csi_camera_adapter.o(.constdata)
 <LI><a href="#[18c]">CSI_ADAPTER_Start</a> from fsl_csi_camera_adapter.o(i.CSI_ADAPTER_Start) referenced from fsl_csi_camera_adapter.o(.constdata)
 <LI><a href="#[18d]">CSI_ADAPTER_Stop</a> from fsl_csi_camera_adapter.o(i.CSI_ADAPTER_Stop) referenced from fsl_csi_camera_adapter.o(.constdata)
 <LI><a href="#[18e]">CSI_ADAPTER_SubmitEmptyBuffer</a> from fsl_csi_camera_adapter.o(i.CSI_ADAPTER_SubmitEmptyBuffer) referenced from fsl_csi_camera_adapter.o(.constdata)
 <LI><a href="#[37]">CSI_IRQHandler</a> from bsp_ov7670.o(i.CSI_IRQHandler) referenced from startup_mimxrt1052.o(RESET)
 <LI><a href="#[e4]">CSI_TransferHandleIRQ</a> from fsl_csi.o(i.CSI_TransferHandleIRQ) referenced from fsl_csi.o(i.CSI_TransferCreateHandle)
 <LI><a href="#[3d]">CSU_IRQHandler</a> from startup_mimxrt1052.o(.text) referenced from startup_mimxrt1052.o(RESET)
 <LI><a href="#[1d]">CTI0_ERROR_IRQHandler</a> from startup_mimxrt1052.o(.text) referenced from startup_mimxrt1052.o(RESET)
 <LI><a href="#[1e]">CTI1_ERROR_IRQHandler</a> from startup_mimxrt1052.o(.text) referenced from startup_mimxrt1052.o(RESET)
 <LI><a href="#[51]">DCDC_IRQHandler</a> from startup_mimxrt1052.o(.text) referenced from startup_mimxrt1052.o(RESET)
 <LI><a href="#[3e]">DCP_IRQHandler</a> from startup_mimxrt1052.o(.text) referenced from startup_mimxrt1052.o(RESET)
 <LI><a href="#[3f]">DCP_VMI_IRQHandler</a> from startup_mimxrt1052.o(.text) referenced from startup_mimxrt1052.o(RESET)
 <LI><a href="#[b0]">DMA0_DMA16_DriverIRQHandler</a> from startup_mimxrt1052.o(.text) referenced from startup_mimxrt1052.o(.text)
 <LI><a href="#[c]">DMA0_DMA16_IRQHandler</a> from startup_mimxrt1052.o(.text) referenced from startup_mimxrt1052.o(RESET)
 <LI><a href="#[ba]">DMA10_DMA26_DriverIRQHandler</a> from startup_mimxrt1052.o(.text) referenced from startup_mimxrt1052.o(.text)
 <LI><a href="#[16]">DMA10_DMA26_IRQHandler</a> from startup_mimxrt1052.o(.text) referenced from startup_mimxrt1052.o(RESET)
 <LI><a href="#[bb]">DMA11_DMA27_DriverIRQHandler</a> from startup_mimxrt1052.o(.text) referenced from startup_mimxrt1052.o(.text)
 <LI><a href="#[17]">DMA11_DMA27_IRQHandler</a> from startup_mimxrt1052.o(.text) referenced from startup_mimxrt1052.o(RESET)
 <LI><a href="#[bc]">DMA12_DMA28_DriverIRQHandler</a> from startup_mimxrt1052.o(.text) referenced from startup_mimxrt1052.o(.text)
 <LI><a href="#[18]">DMA12_DMA28_IRQHandler</a> from startup_mimxrt1052.o(.text) referenced from startup_mimxrt1052.o(RESET)
 <LI><a href="#[bd]">DMA13_DMA29_DriverIRQHandler</a> from startup_mimxrt1052.o(.text) referenced from startup_mimxrt1052.o(.text)
 <LI><a href="#[19]">DMA13_DMA29_IRQHandler</a> from startup_mimxrt1052.o(.text) referenced from startup_mimxrt1052.o(RESET)
 <LI><a href="#[be]">DMA14_DMA30_DriverIRQHandler</a> from startup_mimxrt1052.o(.text) referenced from startup_mimxrt1052.o(.text)
 <LI><a href="#[1a]">DMA14_DMA30_IRQHandler</a> from startup_mimxrt1052.o(.text) referenced from startup_mimxrt1052.o(RESET)
 <LI><a href="#[bf]">DMA15_DMA31_DriverIRQHandler</a> from startup_mimxrt1052.o(.text) referenced from startup_mimxrt1052.o(.text)
 <LI><a href="#[1b]">DMA15_DMA31_IRQHandler</a> from startup_mimxrt1052.o(.text) referenced from startup_mimxrt1052.o(RESET)
 <LI><a href="#[b1]">DMA1_DMA17_DriverIRQHandler</a> from startup_mimxrt1052.o(.text) referenced from startup_mimxrt1052.o(.text)
 <LI><a href="#[d]">DMA1_DMA17_IRQHandler</a> from startup_mimxrt1052.o(.text) referenced from startup_mimxrt1052.o(RESET)
 <LI><a href="#[b2]">DMA2_DMA18_DriverIRQHandler</a> from startup_mimxrt1052.o(.text) referenced from startup_mimxrt1052.o(.text)
 <LI><a href="#[e]">DMA2_DMA18_IRQHandler</a> from startup_mimxrt1052.o(.text) referenced from startup_mimxrt1052.o(RESET)
 <LI><a href="#[b3]">DMA3_DMA19_DriverIRQHandler</a> from startup_mimxrt1052.o(.text) referenced from startup_mimxrt1052.o(.text)
 <LI><a href="#[f]">DMA3_DMA19_IRQHandler</a> from startup_mimxrt1052.o(.text) referenced from startup_mimxrt1052.o(RESET)
 <LI><a href="#[b4]">DMA4_DMA20_DriverIRQHandler</a> from startup_mimxrt1052.o(.text) referenced from startup_mimxrt1052.o(.text)
 <LI><a href="#[10]">DMA4_DMA20_IRQHandler</a> from startup_mimxrt1052.o(.text) referenced from startup_mimxrt1052.o(RESET)
 <LI><a href="#[b5]">DMA5_DMA21_DriverIRQHandler</a> from startup_mimxrt1052.o(.text) referenced from startup_mimxrt1052.o(.text)
 <LI><a href="#[11]">DMA5_DMA21_IRQHandler</a> from startup_mimxrt1052.o(.text) referenced from startup_mimxrt1052.o(RESET)
 <LI><a href="#[b6]">DMA6_DMA22_DriverIRQHandler</a> from startup_mimxrt1052.o(.text) referenced from startup_mimxrt1052.o(.text)
 <LI><a href="#[12]">DMA6_DMA22_IRQHandler</a> from startup_mimxrt1052.o(.text) referenced from startup_mimxrt1052.o(RESET)
 <LI><a href="#[b7]">DMA7_DMA23_DriverIRQHandler</a> from startup_mimxrt1052.o(.text) referenced from startup_mimxrt1052.o(.text)
 <LI><a href="#[13]">DMA7_DMA23_IRQHandler</a> from startup_mimxrt1052.o(.text) referenced from startup_mimxrt1052.o(RESET)
 <LI><a href="#[b8]">DMA8_DMA24_DriverIRQHandler</a> from startup_mimxrt1052.o(.text) referenced from startup_mimxrt1052.o(.text)
 <LI><a href="#[14]">DMA8_DMA24_IRQHandler</a> from startup_mimxrt1052.o(.text) referenced from startup_mimxrt1052.o(RESET)
 <LI><a href="#[b9]">DMA9_DMA25_DriverIRQHandler</a> from startup_mimxrt1052.o(.text) referenced from startup_mimxrt1052.o(.text)
 <LI><a href="#[15]">DMA9_DMA25_IRQHandler</a> from startup_mimxrt1052.o(.text) referenced from startup_mimxrt1052.o(RESET)
 <LI><a href="#[c0]">DMA_ERROR_DriverIRQHandler</a> from startup_mimxrt1052.o(.text) referenced from startup_mimxrt1052.o(.text)
 <LI><a href="#[1c]">DMA_ERROR_IRQHandler</a> from startup_mimxrt1052.o(.text) referenced from startup_mimxrt1052.o(RESET)
 <LI><a href="#[17e]">DbgConsole_Printf</a> from t_debug.o(i.DbgConsole_Printf) referenced from freertos.o(i.vTaskCodeShell)
 <LI><a href="#[e5]">DbgConsole_RelocateLog</a> from t_debug.o(i.DbgConsole_RelocateLog) referenced from t_debug.o(i.DbgConsole_Printf)
 <LI><a href="#[9]">DebugMon_Handler</a> from startup_mimxrt1052.o(.text) referenced from startup_mimxrt1052.o(RESET)
 <LI><a href="#[ac]">DefaultISR</a> from startup_mimxrt1052.o(.text) referenced from startup_mimxrt1052.o(.text)
 <LI><a href="#[ac]">DefaultISR</a> from startup_mimxrt1052.o(.text) referenced 79 times from startup_mimxrt1052.o(RESET)
 <LI><a href="#[185]">DhcpCommand</a> from lwip_app.o(i.DhcpCommand) referenced from lwip_app.o(.constdata)
 <LI><a href="#[8d]">ENC1_IRQHandler</a> from startup_mimxrt1052.o(.text) referenced from startup_mimxrt1052.o(RESET)
 <LI><a href="#[8e]">ENC2_IRQHandler</a> from startup_mimxrt1052.o(.text) referenced from startup_mimxrt1052.o(RESET)
 <LI><a href="#[8f]">ENC3_IRQHandler</a> from startup_mimxrt1052.o(.text) referenced from startup_mimxrt1052.o(RESET)
 <LI><a href="#[90]">ENC4_IRQHandler</a> from startup_mimxrt1052.o(.text) referenced from startup_mimxrt1052.o(RESET)
 <LI><a href="#[de]">ENET_1588_Timer_DriverIRQHandler</a> from startup_mimxrt1052.o(.text) referenced from startup_mimxrt1052.o(.text)
 <LI><a href="#[7f]">ENET_1588_Timer_IRQHandler</a> from fsl_enet.o(i.ENET_1588_Timer_IRQHandler) referenced from startup_mimxrt1052.o(RESET)
 <LI><a href="#[dd]">ENET_DriverIRQHandler</a> from fsl_enet.o(i.ENET_DriverIRQHandler) referenced from startup_mimxrt1052.o(.text)
 <LI><a href="#[e8]">ENET_ErrorIRQHandler</a> from fsl_enet.o(i.ENET_ErrorIRQHandler) referenced from fsl_enet.o(i.ENET_SetHandler)
 <LI><a href="#[7e]">ENET_IRQHandler</a> from startup_mimxrt1052.o(.text) referenced from startup_mimxrt1052.o(RESET)
 <LI><a href="#[e7]">ENET_ReceiveIRQHandler</a> from fsl_enet.o(i.ENET_ReceiveIRQHandler) referenced from fsl_enet.o(i.ENET_SetHandler)
 <LI><a href="#[e6]">ENET_TransmitIRQHandler</a> from fsl_enet.o(i.ENET_TransmitIRQHandler) referenced from fsl_enet.o(i.ENET_SetHandler)
 <LI><a href="#[6a]">EWM_IRQHandler</a> from startup_mimxrt1052.o(.text) referenced from startup_mimxrt1052.o(RESET)
 <LI><a href="#[19b]">ExitCommand</a> from t_shell.o(i.ExitCommand) referenced from t_shell.o(.constdata)
 <LI><a href="#[d8]">FLEXIO1_DriverIRQHandler</a> from startup_mimxrt1052.o(.text) referenced from startup_mimxrt1052.o(.text)
 <LI><a href="#[66]">FLEXIO1_IRQHandler</a> from startup_mimxrt1052.o(.text) referenced from startup_mimxrt1052.o(RESET)
 <LI><a href="#[d9]">FLEXIO2_DriverIRQHandler</a> from startup_mimxrt1052.o(.text) referenced from startup_mimxrt1052.o(.text)
 <LI><a href="#[67]">FLEXIO2_IRQHandler</a> from startup_mimxrt1052.o(.text) referenced from startup_mimxrt1052.o(RESET)
 <LI><a href="#[32]">FLEXRAM_IRQHandler</a> from startup_mimxrt1052.o(.text) referenced from startup_mimxrt1052.o(RESET)
 <LI><a href="#[da]">FLEXSPI_DriverIRQHandler</a> from startup_mimxrt1052.o(.text) referenced from startup_mimxrt1052.o(.text)
 <LI><a href="#[78]">FLEXSPI_IRQHandler</a> from startup_mimxrt1052.o(.text) referenced from startup_mimxrt1052.o(RESET)
 <LI><a href="#[6d]">GPC_IRQHandler</a> from startup_mimxrt1052.o(.text) referenced from startup_mimxrt1052.o(RESET)
 <LI><a href="#[5c]">GPIO1_Combined_0_15_IRQHandler</a> from startup_mimxrt1052.o(.text) referenced from startup_mimxrt1052.o(RESET)
 <LI><a href="#[5d]">GPIO1_Combined_16_31_IRQHandler</a> from startup_mimxrt1052.o(.text) referenced from startup_mimxrt1052.o(RESET)
 <LI><a href="#[54]">GPIO1_INT0_IRQHandler</a> from startup_mimxrt1052.o(.text) referenced from startup_mimxrt1052.o(RESET)
 <LI><a href="#[55]">GPIO1_INT1_IRQHandler</a> from startup_mimxrt1052.o(.text) referenced from startup_mimxrt1052.o(RESET)
 <LI><a href="#[56]">GPIO1_INT2_IRQHandler</a> from startup_mimxrt1052.o(.text) referenced from startup_mimxrt1052.o(RESET)
 <LI><a href="#[57]">GPIO1_INT3_IRQHandler</a> from startup_mimxrt1052.o(.text) referenced from startup_mimxrt1052.o(RESET)
 <LI><a href="#[58]">GPIO1_INT4_IRQHandler</a> from startup_mimxrt1052.o(.text) referenced from startup_mimxrt1052.o(RESET)
 <LI><a href="#[59]">GPIO1_INT5_IRQHandler</a> from startup_mimxrt1052.o(.text) referenced from startup_mimxrt1052.o(RESET)
 <LI><a href="#[5a]">GPIO1_INT6_IRQHandler</a> from startup_mimxrt1052.o(.text) referenced from startup_mimxrt1052.o(RESET)
 <LI><a href="#[5b]">GPIO1_INT7_IRQHandler</a> from startup_mimxrt1052.o(.text) referenced from startup_mimxrt1052.o(RESET)
 <LI><a href="#[5e]">GPIO2_Combined_0_15_IRQHandler</a> from startup_mimxrt1052.o(.text) referenced from startup_mimxrt1052.o(RESET)
 <LI><a href="#[5f]">GPIO2_Combined_16_31_IRQHandler</a> from startup_mimxrt1052.o(.text) referenced from startup_mimxrt1052.o(RESET)
 <LI><a href="#[60]">GPIO3_Combined_0_15_IRQHandler</a> from startup_mimxrt1052.o(.text) referenced from startup_mimxrt1052.o(RESET)
 <LI><a href="#[61]">GPIO3_Combined_16_31_IRQHandler</a> from startup_mimxrt1052.o(.text) referenced from startup_mimxrt1052.o(RESET)
 <LI><a href="#[62]">GPIO4_Combined_0_15_IRQHandler</a> from startup_mimxrt1052.o(.text) referenced from startup_mimxrt1052.o(RESET)
 <LI><a href="#[63]">GPIO4_Combined_16_31_IRQHandler</a> from startup_mimxrt1052.o(.text) referenced from startup_mimxrt1052.o(RESET)
 <LI><a href="#[64]">GPIO5_Combined_0_15_IRQHandler</a> from startup_mimxrt1052.o(.text) referenced from startup_mimxrt1052.o(RESET)
 <LI><a href="#[65]">GPIO5_Combined_16_31_IRQHandler</a> from startup_mimxrt1052.o(.text) referenced from startup_mimxrt1052.o(RESET)
 <LI><a href="#[35]">GPR_IRQ_IRQHandler</a> from startup_mimxrt1052.o(.text) referenced from startup_mimxrt1052.o(RESET)
 <LI><a href="#[70]">GPT1_IRQHandler</a> from startup_mimxrt1052.o(.text) referenced from startup_mimxrt1052.o(RESET)
 <LI><a href="#[71]">GPT2_IRQHandler</a> from startup_mimxrt1052.o(.text) referenced from startup_mimxrt1052.o(RESET)
 <LI><a href="#[4]">HardFault_Handler</a> from startup_mimxrt1052.o(.text) referenced from startup_mimxrt1052.o(RESET)
 <LI><a href="#[19a]">HelpCommand</a> from t_shell.o(i.HelpCommand) referenced from t_shell.o(.constdata)
 <LI><a href="#[186]">IfconfigCommand</a> from lwip_app.o(i.IfconfigCommand) referenced from lwip_app.o(.constdata)
 <LI><a href="#[188]">IpCommand</a> from lwip_app.o(i.IpCommand) referenced from lwip_app.o(.constdata)
 <LI><a href="#[33]">KPP_IRQHandler</a> from startup_mimxrt1052.o(.text) referenced from startup_mimxrt1052.o(RESET)
 <LI><a href="#[36]">LCDIF_IRQHandler</a> from bsp_lcd.o(i.LCDIF_IRQHandler) referenced from startup_mimxrt1052.o(RESET)
 <LI><a href="#[c9]">LPI2C1_DriverIRQHandler</a> from fsl_lpi2c.o(i.LPI2C1_DriverIRQHandler) referenced from startup_mimxrt1052.o(.text)
 <LI><a href="#[28]">LPI2C1_IRQHandler</a> from startup_mimxrt1052.o(.text) referenced from startup_mimxrt1052.o(RESET)
 <LI><a href="#[ca]">LPI2C2_DriverIRQHandler</a> from fsl_lpi2c.o(i.LPI2C2_DriverIRQHandler) referenced from startup_mimxrt1052.o(.text)
 <LI><a href="#[29]">LPI2C2_IRQHandler</a> from startup_mimxrt1052.o(.text) referenced from startup_mimxrt1052.o(RESET)
 <LI><a href="#[cb]">LPI2C3_DriverIRQHandler</a> from fsl_lpi2c.o(i.LPI2C3_DriverIRQHandler) referenced from startup_mimxrt1052.o(.text)
 <LI><a href="#[2a]">LPI2C3_IRQHandler</a> from startup_mimxrt1052.o(.text) referenced from startup_mimxrt1052.o(RESET)
 <LI><a href="#[cc]">LPI2C4_DriverIRQHandler</a> from startup_mimxrt1052.o(.text) referenced from startup_mimxrt1052.o(.text)
 <LI><a href="#[2b]">LPI2C4_IRQHandler</a> from startup_mimxrt1052.o(.text) referenced from startup_mimxrt1052.o(RESET)
 <LI><a href="#[cd]">LPSPI1_DriverIRQHandler</a> from startup_mimxrt1052.o(.text) referenced from startup_mimxrt1052.o(.text)
 <LI><a href="#[2c]">LPSPI1_IRQHandler</a> from startup_mimxrt1052.o(.text) referenced from startup_mimxrt1052.o(RESET)
 <LI><a href="#[ce]">LPSPI2_DriverIRQHandler</a> from startup_mimxrt1052.o(.text) referenced from startup_mimxrt1052.o(.text)
 <LI><a href="#[2d]">LPSPI2_IRQHandler</a> from startup_mimxrt1052.o(.text) referenced from startup_mimxrt1052.o(RESET)
 <LI><a href="#[cf]">LPSPI3_DriverIRQHandler</a> from startup_mimxrt1052.o(.text) referenced from startup_mimxrt1052.o(.text)
 <LI><a href="#[2e]">LPSPI3_IRQHandler</a> from startup_mimxrt1052.o(.text) referenced from startup_mimxrt1052.o(RESET)
 <LI><a href="#[d0]">LPSPI4_DriverIRQHandler</a> from startup_mimxrt1052.o(.text) referenced from startup_mimxrt1052.o(.text)
 <LI><a href="#[2f]">LPSPI4_IRQHandler</a> from startup_mimxrt1052.o(.text) referenced from startup_mimxrt1052.o(RESET)
 <LI><a href="#[c1]">LPUART1_DriverIRQHandler</a> from fsl_lpuart.o(i.LPUART1_DriverIRQHandler) referenced from startup_mimxrt1052.o(.text)
 <LI><a href="#[20]">LPUART1_IRQHandler</a> from bsp_lpuart.o(i.LPUART1_IRQHandler) referenced from startup_mimxrt1052.o(RESET)
 <LI><a href="#[c2]">LPUART2_DriverIRQHandler</a> from fsl_lpuart.o(i.LPUART2_DriverIRQHandler) referenced from startup_mimxrt1052.o(.text)
 <LI><a href="#[21]">LPUART2_IRQHandler</a> from startup_mimxrt1052.o(.text) referenced from startup_mimxrt1052.o(RESET)
 <LI><a href="#[c3]">LPUART3_DriverIRQHandler</a> from fsl_lpuart.o(i.LPUART3_DriverIRQHandler) referenced from startup_mimxrt1052.o(.text)
 <LI><a href="#[22]">LPUART3_IRQHandler</a> from startup_mimxrt1052.o(.text) referenced from startup_mimxrt1052.o(RESET)
 <LI><a href="#[c4]">LPUART4_DriverIRQHandler</a> from fsl_lpuart.o(i.LPUART4_DriverIRQHandler) referenced from startup_mimxrt1052.o(.text)
 <LI><a href="#[23]">LPUART4_IRQHandler</a> from startup_mimxrt1052.o(.text) referenced from startup_mimxrt1052.o(RESET)
 <LI><a href="#[c5]">LPUART5_DriverIRQHandler</a> from fsl_lpuart.o(i.LPUART5_DriverIRQHandler) referenced from startup_mimxrt1052.o(.text)
 <LI><a href="#[24]">LPUART5_IRQHandler</a> from startup_mimxrt1052.o(.text) referenced from startup_mimxrt1052.o(RESET)
 <LI><a href="#[c6]">LPUART6_DriverIRQHandler</a> from fsl_lpuart.o(i.LPUART6_DriverIRQHandler) referenced from startup_mimxrt1052.o(.text)
 <LI><a href="#[25]">LPUART6_IRQHandler</a> from startup_mimxrt1052.o(.text) referenced from startup_mimxrt1052.o(RESET)
 <LI><a href="#[c7]">LPUART7_DriverIRQHandler</a> from fsl_lpuart.o(i.LPUART7_DriverIRQHandler) referenced from startup_mimxrt1052.o(.text)
 <LI><a href="#[26]">LPUART7_IRQHandler</a> from startup_mimxrt1052.o(.text) referenced from startup_mimxrt1052.o(RESET)
 <LI><a href="#[c8]">LPUART8_DriverIRQHandler</a> from fsl_lpuart.o(i.LPUART8_DriverIRQHandler) referenced from startup_mimxrt1052.o(.text)
 <LI><a href="#[27]">LPUART8_IRQHandler</a> from startup_mimxrt1052.o(.text) referenced from startup_mimxrt1052.o(RESET)
 <LI><a href="#[5]">MemManage_Handler</a> from startup_mimxrt1052.o(.text) referenced from startup_mimxrt1052.o(RESET)
 <LI><a href="#[3]">NMI_Handler</a> from startup_mimxrt1052.o(.text) referenced from startup_mimxrt1052.o(RESET)
 <LI><a href="#[ab]">NMI_WAKEUP_IRQHandler</a> from startup_mimxrt1052.o(.text) referenced from startup_mimxrt1052.o(RESET)
 <LI><a href="#[187]">NetifCommand</a> from lwip_app.o(i.NetifCommand) referenced from lwip_app.o(.constdata)
 <LI><a href="#[191]">OV7670_Init</a> from fsl_ov7670.o(i.OV7670_Init) referenced from fsl_ov7670.o(.constdata)
 <LI><a href="#[194]">OV7670_InitExt</a> from fsl_ov7670.o(i.OV7670_InitExt) referenced from fsl_ov7670.o(.constdata)
 <LI><a href="#[192]">OV7670_Start</a> from fsl_ov7670.o(i.OV7670_Start) referenced from fsl_ov7670.o(.constdata)
 <LI><a href="#[193]">OV7670_Stop</a> from fsl_ov7670.o(i.OV7670_Stop) referenced from fsl_ov7670.o(.constdata)
 <LI><a href="#[86]">PIT_IRQHandler</a> from startup_mimxrt1052.o(.text) referenced from startup_mimxrt1052.o(RESET)
 <LI><a href="#[72]">PWM1_0_IRQHandler</a> from startup_mimxrt1052.o(.text) referenced from startup_mimxrt1052.o(RESET)
 <LI><a href="#[73]">PWM1_1_IRQHandler</a> from startup_mimxrt1052.o(.text) referenced from startup_mimxrt1052.o(RESET)
 <LI><a href="#[74]">PWM1_2_IRQHandler</a> from startup_mimxrt1052.o(.text) referenced from startup_mimxrt1052.o(RESET)
 <LI><a href="#[75]">PWM1_3_IRQHandler</a> from startup_mimxrt1052.o(.text) referenced from startup_mimxrt1052.o(RESET)
 <LI><a href="#[76]">PWM1_FAULT_IRQHandler</a> from startup_mimxrt1052.o(.text) referenced from startup_mimxrt1052.o(RESET)
 <LI><a href="#[95]">PWM2_0_IRQHandler</a> from startup_mimxrt1052.o(.text) referenced from startup_mimxrt1052.o(RESET)
 <LI><a href="#[96]">PWM2_1_IRQHandler</a> from startup_mimxrt1052.o(.text) referenced from startup_mimxrt1052.o(RESET)
 <LI><a href="#[97]">PWM2_2_IRQHandler</a> from startup_mimxrt1052.o(.text) referenced from startup_mimxrt1052.o(RESET)
 <LI><a href="#[98]">PWM2_3_IRQHandler</a> from startup_mimxrt1052.o(.text) referenced from startup_mimxrt1052.o(RESET)
 <LI><a href="#[99]">PWM2_FAULT_IRQHandler</a> from startup_mimxrt1052.o(.text) referenced from startup_mimxrt1052.o(RESET)
 <LI><a href="#[9a]">PWM3_0_IRQHandler</a> from startup_mimxrt1052.o(.text) referenced from startup_mimxrt1052.o(RESET)
 <LI><a href="#[9b]">PWM3_1_IRQHandler</a> from startup_mimxrt1052.o(.text) referenced from startup_mimxrt1052.o(RESET)
 <LI><a href="#[9c]">PWM3_2_IRQHandler</a> from startup_mimxrt1052.o(.text) referenced from startup_mimxrt1052.o(RESET)
 <LI><a href="#[9d]">PWM3_3_IRQHandler</a> from startup_mimxrt1052.o(.text) referenced from startup_mimxrt1052.o(RESET)
 <LI><a href="#[9e]">PWM3_FAULT_IRQHandler</a> from startup_mimxrt1052.o(.text) referenced from startup_mimxrt1052.o(RESET)
 <LI><a href="#[9f]">PWM4_0_IRQHandler</a> from startup_mimxrt1052.o(.text) referenced from startup_mimxrt1052.o(RESET)
 <LI><a href="#[a0]">PWM4_1_IRQHandler</a> from startup_mimxrt1052.o(.text) referenced from startup_mimxrt1052.o(RESET)
 <LI><a href="#[a1]">PWM4_2_IRQHandler</a> from startup_mimxrt1052.o(.text) referenced from startup_mimxrt1052.o(RESET)
 <LI><a href="#[a2]">PWM4_3_IRQHandler</a> from startup_mimxrt1052.o(.text) referenced from startup_mimxrt1052.o(RESET)
 <LI><a href="#[a3]">PWM4_FAULT_IRQHandler</a> from startup_mimxrt1052.o(.text) referenced from startup_mimxrt1052.o(RESET)
 <LI><a href="#[38]">PXP_IRQHandler</a> from startup_mimxrt1052.o(.text) referenced from startup_mimxrt1052.o(RESET)
 <LI><a href="#[a]">PendSV_Handler</a> from port.o(.emb_text) referenced from startup_mimxrt1052.o(RESET)
 <LI><a href="#[69]">RTWDOG_IRQHandler</a> from startup_mimxrt1052.o(.text) referenced from startup_mimxrt1052.o(RESET)
 <LI><a href="#[6f]">Reserved115_IRQHandler</a> from startup_mimxrt1052.o(.text) referenced from startup_mimxrt1052.o(RESET)
 <LI><a href="#[77]">Reserved123_IRQHandler</a> from startup_mimxrt1052.o(.text) referenced from startup_mimxrt1052.o(RESET)
 <LI><a href="#[8b]">Reserved143_IRQHandler</a> from startup_mimxrt1052.o(.text) referenced from startup_mimxrt1052.o(RESET)
 <LI><a href="#[8c]">Reserved144_IRQHandler</a> from startup_mimxrt1052.o(.text) referenced from startup_mimxrt1052.o(RESET)
 <LI><a href="#[a4]">Reserved168_IRQHandler</a> from startup_mimxrt1052.o(.text) referenced from startup_mimxrt1052.o(RESET)
 <LI><a href="#[a5]">Reserved169_IRQHandler</a> from startup_mimxrt1052.o(.text) referenced from startup_mimxrt1052.o(RESET)
 <LI><a href="#[a6]">Reserved170_IRQHandler</a> from startup_mimxrt1052.o(.text) referenced from startup_mimxrt1052.o(RESET)
 <LI><a href="#[a7]">Reserved171_IRQHandler</a> from startup_mimxrt1052.o(.text) referenced from startup_mimxrt1052.o(RESET)
 <LI><a href="#[a8]">Reserved172_IRQHandler</a> from startup_mimxrt1052.o(.text) referenced from startup_mimxrt1052.o(RESET)
 <LI><a href="#[a9]">Reserved173_IRQHandler</a> from startup_mimxrt1052.o(.text) referenced from startup_mimxrt1052.o(RESET)
 <LI><a href="#[40]">Reserved68_IRQHandler</a> from startup_mimxrt1052.o(.text) referenced from startup_mimxrt1052.o(RESET)
 <LI><a href="#[52]">Reserved86_IRQHandler</a> from startup_mimxrt1052.o(.text) referenced from startup_mimxrt1052.o(RESET)
 <LI><a href="#[53]">Reserved87_IRQHandler</a> from startup_mimxrt1052.o(.text) referenced from startup_mimxrt1052.o(RESET)
 <LI><a href="#[2]">Reset_Handler</a> from startup_mimxrt1052.o(.text) referenced from startup_mimxrt1052.o(RESET)
 <LI><a href="#[d3]">SAI1_DriverIRQHandler</a> from startup_mimxrt1052.o(.text) referenced from startup_mimxrt1052.o(.text)
 <LI><a href="#[44]">SAI1_IRQHandler</a> from startup_mimxrt1052.o(.text) referenced from startup_mimxrt1052.o(RESET)
 <LI><a href="#[d4]">SAI2_DriverIRQHandler</a> from startup_mimxrt1052.o(.text) referenced from startup_mimxrt1052.o(.text)
 <LI><a href="#[45]">SAI2_IRQHandler</a> from startup_mimxrt1052.o(.text) referenced from startup_mimxrt1052.o(RESET)
 <LI><a href="#[d5]">SAI3_RX_DriverIRQHandler</a> from startup_mimxrt1052.o(.text) referenced from startup_mimxrt1052.o(.text)
 <LI><a href="#[46]">SAI3_RX_IRQHandler</a> from startup_mimxrt1052.o(.text) referenced from startup_mimxrt1052.o(RESET)
 <LI><a href="#[d6]">SAI3_TX_DriverIRQHandler</a> from startup_mimxrt1052.o(.text) referenced from startup_mimxrt1052.o(.text)
 <LI><a href="#[47]">SAI3_TX_IRQHandler</a> from startup_mimxrt1052.o(.text) referenced from startup_mimxrt1052.o(RESET)
 <LI><a href="#[79]">SEMC_IRQHandler</a> from startup_mimxrt1052.o(.text) referenced from startup_mimxrt1052.o(RESET)
 <LI><a href="#[aa]">SJC_ARM_DEBUG_IRQHandler</a> from startup_mimxrt1052.o(.text) referenced from startup_mimxrt1052.o(RESET)
 <LI><a href="#[42]">SJC_IRQHandler</a> from startup_mimxrt1052.o(.text) referenced from startup_mimxrt1052.o(RESET)
 <LI><a href="#[3a]">SNVS_HP_WRAPPER_IRQHandler</a> from startup_mimxrt1052.o(.text) referenced from startup_mimxrt1052.o(RESET)
 <LI><a href="#[3b]">SNVS_HP_WRAPPER_TZ_IRQHandler</a> from startup_mimxrt1052.o(.text) referenced from startup_mimxrt1052.o(RESET)
 <LI><a href="#[3c]">SNVS_LP_WRAPPER_IRQHandler</a> from startup_mimxrt1052.o(.text) referenced from startup_mimxrt1052.o(RESET)
 <LI><a href="#[d7]">SPDIF_DriverIRQHandler</a> from startup_mimxrt1052.o(.text) referenced from startup_mimxrt1052.o(.text)
 <LI><a href="#[48]">SPDIF_IRQHandler</a> from startup_mimxrt1052.o(.text) referenced from startup_mimxrt1052.o(RESET)
 <LI><a href="#[6e]">SRC_IRQHandler</a> from startup_mimxrt1052.o(.text) referenced from startup_mimxrt1052.o(RESET)
 <LI><a href="#[8]">SVC_Handler</a> from port.o(.emb_text) referenced from startup_mimxrt1052.o(RESET)
 <LI><a href="#[189]">SocketCommand</a> from lwip_app.o(i.SocketCommand) referenced from lwip_app.o(.constdata)
 <LI><a href="#[b]">SysTick_Handler</a> from port.o(i.SysTick_Handler) referenced from startup_mimxrt1052.o(RESET)
 <LI><a href="#[ae]">SystemInit</a> from system_mimxrt1052.o(i.SystemInit) referenced from startup_mimxrt1052.o(.text)
 <LI><a href="#[91]">TMR1_IRQHandler</a> from startup_mimxrt1052.o(.text) referenced from startup_mimxrt1052.o(RESET)
 <LI><a href="#[92]">TMR2_IRQHandler</a> from startup_mimxrt1052.o(.text) referenced from startup_mimxrt1052.o(RESET)
 <LI><a href="#[93]">TMR3_IRQHandler</a> from startup_mimxrt1052.o(.text) referenced from startup_mimxrt1052.o(RESET)
 <LI><a href="#[94]">TMR4_IRQHandler</a> from startup_mimxrt1052.o(.text) referenced from startup_mimxrt1052.o(RESET)
 <LI><a href="#[41]">TRNG_IRQHandler</a> from startup_mimxrt1052.o(.text) referenced from startup_mimxrt1052.o(RESET)
 <LI><a href="#[34]">TSC_DIG_IRQHandler</a> from startup_mimxrt1052.o(.text) referenced from startup_mimxrt1052.o(RESET)
 <LI><a href="#[7d]">USB_OTG1_IRQHandler</a> from startup_mimxrt1052.o(.text) referenced from startup_mimxrt1052.o(RESET)
 <LI><a href="#[7c]">USB_OTG2_IRQHandler</a> from startup_mimxrt1052.o(.text) referenced from startup_mimxrt1052.o(RESET)
 <LI><a href="#[4d]">USB_PHY1_IRQHandler</a> from startup_mimxrt1052.o(.text) referenced from startup_mimxrt1052.o(RESET)
 <LI><a href="#[4e]">USB_PHY2_IRQHandler</a> from startup_mimxrt1052.o(.text) referenced from startup_mimxrt1052.o(RESET)
 <LI><a href="#[db]">USDHC1_DriverIRQHandler</a> from startup_mimxrt1052.o(.text) referenced from startup_mimxrt1052.o(.text)
 <LI><a href="#[7a]">USDHC1_IRQHandler</a> from startup_mimxrt1052.o(.text) referenced from startup_mimxrt1052.o(RESET)
 <LI><a href="#[dc]">USDHC2_DriverIRQHandler</a> from startup_mimxrt1052.o(.text) referenced from startup_mimxrt1052.o(.text)
 <LI><a href="#[7b]">USDHC2_IRQHandler</a> from startup_mimxrt1052.o(.text) referenced from startup_mimxrt1052.o(RESET)
 <LI><a href="#[7]">UsageFault_Handler</a> from startup_mimxrt1052.o(.text) referenced from startup_mimxrt1052.o(RESET)
 <LI><a href="#[68]">WDOG1_IRQHandler</a> from startup_mimxrt1052.o(.text) referenced from startup_mimxrt1052.o(RESET)
 <LI><a href="#[39]">WDOG2_IRQHandler</a> from startup_mimxrt1052.o(.text) referenced from startup_mimxrt1052.o(RESET)
 <LI><a href="#[80]">XBAR1_IRQ_0_1_IRQHandler</a> from startup_mimxrt1052.o(.text) referenced from startup_mimxrt1052.o(RESET)
 <LI><a href="#[81]">XBAR1_IRQ_2_3_IRQHandler</a> from startup_mimxrt1052.o(.text) referenced from startup_mimxrt1052.o(RESET)
 <LI><a href="#[af]">__main</a> from entry.o(.ARM.Collect$$$$00000000) referenced from startup_mimxrt1052.o(.text)
 <LI><a href="#[e0]">_sbackspace</a> from _sgetc.o(.text) referenced from __0sscanf.o(.text)
 <LI><a href="#[e1]">_scanf_char_input</a> from scanf_char.o(.text) referenced from scanf_char.o(.text)
 <LI><a href="#[df]">_sgetc</a> from _sgetc.o(.text) referenced from __0sscanf.o(.text)
 <LI><a href="#[ec]">_sputc</a> from printf8.o(i._sputc) referenced from printf8.o(i.__0sprintf$8)
 <LI><a href="#[132]">accept_function</a> from api_msg.o(i.accept_function) referenced from api_msg.o(i.lwip_netconn_do_listen)
 <LI><a href="#[122]">access_virt_barray</a> from jmemmgr.o(i.access_virt_barray) referenced from jmemmgr.o(i.jinit_memory_mgr)
 <LI><a href="#[121]">access_virt_sarray</a> from jmemmgr.o(i.access_virt_sarray) referenced from jmemmgr.o(i.jinit_memory_mgr)
 <LI><a href="#[11d]">alloc_barray</a> from jmemmgr.o(i.alloc_barray) referenced from jmemmgr.o(i.jinit_memory_mgr)
 <LI><a href="#[11b]">alloc_large</a> from jmemmgr.o(i.alloc_large) referenced from jmemmgr.o(i.jinit_memory_mgr)
 <LI><a href="#[11c]">alloc_sarray</a> from jmemmgr.o(i.alloc_sarray) referenced from jmemmgr.o(i.jinit_memory_mgr)
 <LI><a href="#[11a]">alloc_small</a> from jmemmgr.o(i.alloc_small) referenced from jmemmgr.o(i.jinit_memory_mgr)
 <LI><a href="#[108]">cmyk_ycck_convert</a> from jccolor.o(i.cmyk_ycck_convert) referenced from jccolor.o(i.jinit_color_converter)
 <LI><a href="#[148]">compress_data</a> from jccoefct.o(i.compress_data) referenced from jccoefct.o(i.start_pass_coef)
 <LI><a href="#[149]">compress_first_pass</a> from jccoefct.o(i.compress_first_pass) referenced from jccoefct.o(i.start_pass_coef)
 <LI><a href="#[14a]">compress_output</a> from jccoefct.o(i.compress_output) referenced from jccoefct.o(i.start_pass_coef)
 <LI><a href="#[ee]">cyclic_timer</a> from timeouts.o(i.cyclic_timer) referenced from timeouts.o(i.cyclic_timer)
 <LI><a href="#[ee]">cyclic_timer</a> from timeouts.o(i.cyclic_timer) referenced from timeouts.o(i.sys_timeouts_init)
 <LI><a href="#[198]">dhcp_coarse_tmr</a> from dhcp.o(i.dhcp_coarse_tmr) referenced from timeouts.o(.constdata)
 <LI><a href="#[199]">dhcp_fine_tmr</a> from dhcp.o(i.dhcp_fine_tmr) referenced from timeouts.o(.constdata)
 <LI><a href="#[ef]">dhcp_recv</a> from dhcp.o(i.dhcp_recv) referenced from dhcp.o(i.dhcp_inc_pcb_refcount)
 <LI><a href="#[129]">emit_message</a> from jerror.o(i.emit_message) referenced from jerror.o(i.jpeg_std_error)
 <LI><a href="#[126]">empty_mem_output_buffer</a> from jdatadst.o(i.empty_mem_output_buffer) referenced from jdatadst.o(i.jpeg_mem_dest)
 <LI><a href="#[147]">encode_mcu</a> from jcarith.o(i.encode_mcu) referenced from jcarith.o(i.start_pass)
 <LI><a href="#[144]">encode_mcu_AC_first</a> from jcarith.o(i.encode_mcu_AC_first) referenced from jcarith.o(i.start_pass)
 <LI><a href="#[172]">encode_mcu_AC_first</a> from jchuff.o(i.encode_mcu_AC_first) referenced from jchuff.o(i.start_pass_huff)
 <LI><a href="#[146]">encode_mcu_AC_refine</a> from jcarith.o(i.encode_mcu_AC_refine) referenced from jcarith.o(i.start_pass)
 <LI><a href="#[174]">encode_mcu_AC_refine</a> from jchuff.o(i.encode_mcu_AC_refine) referenced from jchuff.o(i.start_pass_huff)
 <LI><a href="#[143]">encode_mcu_DC_first</a> from jcarith.o(i.encode_mcu_DC_first) referenced from jcarith.o(i.start_pass)
 <LI><a href="#[171]">encode_mcu_DC_first</a> from jchuff.o(i.encode_mcu_DC_first) referenced from jchuff.o(i.start_pass_huff)
 <LI><a href="#[145]">encode_mcu_DC_refine</a> from jcarith.o(i.encode_mcu_DC_refine) referenced from jcarith.o(i.start_pass)
 <LI><a href="#[173]">encode_mcu_DC_refine</a> from jchuff.o(i.encode_mcu_DC_refine) referenced from jchuff.o(i.start_pass_huff)
 <LI><a href="#[175]">encode_mcu_gather</a> from jchuff.o(i.encode_mcu_gather) referenced from jchuff.o(i.start_pass_huff)
 <LI><a href="#[176]">encode_mcu_huff</a> from jchuff.o(i.encode_mcu_huff) referenced from jchuff.o(i.start_pass_huff)
 <LI><a href="#[130]">err_tcp</a> from api_msg.o(i.err_tcp) referenced from api_msg.o(i.lwip_netconn_do_close_internal)
 <LI><a href="#[130]">err_tcp</a> from api_msg.o(i.err_tcp) referenced from api_msg.o(i.setup_tcp)
 <LI><a href="#[128]">error_exit</a> from jerror.o(i.error_exit) referenced from jerror.o(i.jpeg_std_error)
 <LI><a href="#[f1]">etharp_output</a> from etharp.o(i.etharp_output) referenced from ethernetif.o(i.ethernetif_init)
 <LI><a href="#[197]">etharp_tmr</a> from etharp.o(i.etharp_tmr) referenced from timeouts.o(.constdata)
 <LI><a href="#[f0]">ethernet_callback</a> from ethernetif.o(i.ethernet_callback) referenced from ethernetif.o(i.enet_init)
 <LI><a href="#[17c]">ethernet_input</a> from ethernet.o(i.ethernet_input) referenced from tcpip.o(i.tcpip_input)
 <LI><a href="#[ea]">ethernetif0_init</a> from ethernetif.o(i.ethernetif0_init) referenced from lwip_app.o(i.LWIP_Init)
 <LI><a href="#[12d]">event_callback</a> from sockets.o(i.event_callback) referenced from sockets.o(i.lwip_accept)
 <LI><a href="#[12d]">event_callback</a> from sockets.o(i.event_callback) referenced from sockets.o(i.lwip_socket)
 <LI><a href="#[f8]">finish_pass</a> from jcarith.o(i.finish_pass) referenced from jcarith.o(i.jinit_arith_encoder)
 <LI><a href="#[16f]">finish_pass_gather</a> from jchuff.o(i.finish_pass_gather) referenced from jchuff.o(i.start_pass_huff)
 <LI><a href="#[170]">finish_pass_huff</a> from jchuff.o(i.finish_pass_huff) referenced from jchuff.o(i.start_pass_huff)
 <LI><a href="#[fd]">finish_pass_master</a> from jcmaster.o(i.finish_pass_master) referenced from jcmaster.o(i.jinit_c_master_control)
 <LI><a href="#[12b]">format_message</a> from jerror.o(i.format_message) referenced from jerror.o(i.jpeg_std_error)
 <LI><a href="#[16d]">forward_DCT</a> from jcdctmgr.o(i.forward_DCT) referenced from jcdctmgr.o(i.start_pass_fdctmgr)
 <LI><a href="#[16e]">forward_DCT_float</a> from jcdctmgr.o(i.forward_DCT_float) referenced from jcdctmgr.o(i.start_pass_fdctmgr)
 <LI><a href="#[123]">free_pool</a> from jmemmgr.o(i.free_pool) referenced from jmemmgr.o(i.jinit_memory_mgr)
 <LI><a href="#[10c]">fullsize_downsample</a> from jcsample.o(i.fullsize_downsample) referenced from jcsample.o(i.jinit_downsampler)
 <LI><a href="#[10b]">fullsize_smooth_downsample</a> from jcsample.o(i.fullsize_smooth_downsample) referenced from jcsample.o(i.jinit_downsampler)
 <LI><a href="#[102]">grayscale_convert</a> from jccolor.o(i.grayscale_convert) referenced from jccolor.o(i.jinit_color_converter)
 <LI><a href="#[10d]">h2v1_downsample</a> from jcsample.o(i.h2v1_downsample) referenced from jcsample.o(i.jinit_downsampler)
 <LI><a href="#[10f]">h2v2_downsample</a> from jcsample.o(i.h2v2_downsample) referenced from jcsample.o(i.jinit_downsampler)
 <LI><a href="#[10e]">h2v2_smooth_downsample</a> from jcsample.o(i.h2v2_smooth_downsample) referenced from jcsample.o(i.jinit_downsampler)
 <LI><a href="#[125]">init_mem_destination</a> from jdatadst.o(i.init_mem_destination) referenced from jdatadst.o(i.jpeg_mem_dest)
 <LI><a href="#[110]">int_downsample</a> from jcsample.o(i.int_downsample) referenced from jcsample.o(i.jinit_downsampler)
 <LI><a href="#[17d]">ip4_input</a> from ip4.o(i.ip4_input) referenced from tcpip.o(i.tcpip_input)
 <LI><a href="#[196]">ip_reass_tmr</a> from ip4_frag.o(i.ip_reass_tmr) referenced from timeouts.o(.constdata)
 <LI><a href="#[f6]">ipfrag_free_pbuf_custom</a> from ip4_frag.o(i.ipfrag_free_pbuf_custom) referenced from ip4_frag.o(i.ip4_frag)
 <LI><a href="#[e2]">isspace</a> from isspace_c.o(.text) referenced from scanf_char.o(.text)
 <LI><a href="#[153]">jpeg_fdct_10x10</a> from jfdctint.o(i.jpeg_fdct_10x10) referenced from jcdctmgr.o(i.start_pass_fdctmgr)
 <LI><a href="#[15d]">jpeg_fdct_10x5</a> from jfdctint.o(i.jpeg_fdct_10x5) referenced from jcdctmgr.o(i.start_pass_fdctmgr)
 <LI><a href="#[154]">jpeg_fdct_11x11</a> from jfdctint.o(i.jpeg_fdct_11x11) referenced from jcdctmgr.o(i.start_pass_fdctmgr)
 <LI><a href="#[155]">jpeg_fdct_12x12</a> from jfdctint.o(i.jpeg_fdct_12x12) referenced from jcdctmgr.o(i.start_pass_fdctmgr)
 <LI><a href="#[15c]">jpeg_fdct_12x6</a> from jfdctint.o(i.jpeg_fdct_12x6) referenced from jcdctmgr.o(i.start_pass_fdctmgr)
 <LI><a href="#[156]">jpeg_fdct_13x13</a> from jfdctint.o(i.jpeg_fdct_13x13) referenced from jcdctmgr.o(i.start_pass_fdctmgr)
 <LI><a href="#[157]">jpeg_fdct_14x14</a> from jfdctint.o(i.jpeg_fdct_14x14) referenced from jcdctmgr.o(i.start_pass_fdctmgr)
 <LI><a href="#[15b]">jpeg_fdct_14x7</a> from jfdctint.o(i.jpeg_fdct_14x7) referenced from jcdctmgr.o(i.start_pass_fdctmgr)
 <LI><a href="#[158]">jpeg_fdct_15x15</a> from jfdctint.o(i.jpeg_fdct_15x15) referenced from jcdctmgr.o(i.start_pass_fdctmgr)
 <LI><a href="#[159]">jpeg_fdct_16x16</a> from jfdctint.o(i.jpeg_fdct_16x16) referenced from jcdctmgr.o(i.start_pass_fdctmgr)
 <LI><a href="#[15a]">jpeg_fdct_16x8</a> from jfdctint.o(i.jpeg_fdct_16x8) referenced from jcdctmgr.o(i.start_pass_fdctmgr)
 <LI><a href="#[14b]">jpeg_fdct_1x1</a> from jfdctint.o(i.jpeg_fdct_1x1) referenced from jcdctmgr.o(i.start_pass_fdctmgr)
 <LI><a href="#[169]">jpeg_fdct_1x2</a> from jfdctint.o(i.jpeg_fdct_1x2) referenced from jcdctmgr.o(i.start_pass_fdctmgr)
 <LI><a href="#[161]">jpeg_fdct_2x1</a> from jfdctint.o(i.jpeg_fdct_2x1) referenced from jcdctmgr.o(i.start_pass_fdctmgr)
 <LI><a href="#[14c]">jpeg_fdct_2x2</a> from jfdctint.o(i.jpeg_fdct_2x2) referenced from jcdctmgr.o(i.start_pass_fdctmgr)
 <LI><a href="#[168]">jpeg_fdct_2x4</a> from jfdctint.o(i.jpeg_fdct_2x4) referenced from jcdctmgr.o(i.start_pass_fdctmgr)
 <LI><a href="#[14d]">jpeg_fdct_3x3</a> from jfdctint.o(i.jpeg_fdct_3x3) referenced from jcdctmgr.o(i.start_pass_fdctmgr)
 <LI><a href="#[167]">jpeg_fdct_3x6</a> from jfdctint.o(i.jpeg_fdct_3x6) referenced from jcdctmgr.o(i.start_pass_fdctmgr)
 <LI><a href="#[160]">jpeg_fdct_4x2</a> from jfdctint.o(i.jpeg_fdct_4x2) referenced from jcdctmgr.o(i.start_pass_fdctmgr)
 <LI><a href="#[14e]">jpeg_fdct_4x4</a> from jfdctint.o(i.jpeg_fdct_4x4) referenced from jcdctmgr.o(i.start_pass_fdctmgr)
 <LI><a href="#[166]">jpeg_fdct_4x8</a> from jfdctint.o(i.jpeg_fdct_4x8) referenced from jcdctmgr.o(i.start_pass_fdctmgr)
 <LI><a href="#[165]">jpeg_fdct_5x10</a> from jfdctint.o(i.jpeg_fdct_5x10) referenced from jcdctmgr.o(i.start_pass_fdctmgr)
 <LI><a href="#[14f]">jpeg_fdct_5x5</a> from jfdctint.o(i.jpeg_fdct_5x5) referenced from jcdctmgr.o(i.start_pass_fdctmgr)
 <LI><a href="#[164]">jpeg_fdct_6x12</a> from jfdctint.o(i.jpeg_fdct_6x12) referenced from jcdctmgr.o(i.start_pass_fdctmgr)
 <LI><a href="#[15f]">jpeg_fdct_6x3</a> from jfdctint.o(i.jpeg_fdct_6x3) referenced from jcdctmgr.o(i.start_pass_fdctmgr)
 <LI><a href="#[150]">jpeg_fdct_6x6</a> from jfdctint.o(i.jpeg_fdct_6x6) referenced from jcdctmgr.o(i.start_pass_fdctmgr)
 <LI><a href="#[163]">jpeg_fdct_7x14</a> from jfdctint.o(i.jpeg_fdct_7x14) referenced from jcdctmgr.o(i.start_pass_fdctmgr)
 <LI><a href="#[151]">jpeg_fdct_7x7</a> from jfdctint.o(i.jpeg_fdct_7x7) referenced from jcdctmgr.o(i.start_pass_fdctmgr)
 <LI><a href="#[162]">jpeg_fdct_8x16</a> from jfdctint.o(i.jpeg_fdct_8x16) referenced from jcdctmgr.o(i.start_pass_fdctmgr)
 <LI><a href="#[15e]">jpeg_fdct_8x4</a> from jfdctint.o(i.jpeg_fdct_8x4) referenced from jcdctmgr.o(i.start_pass_fdctmgr)
 <LI><a href="#[152]">jpeg_fdct_9x9</a> from jfdctint.o(i.jpeg_fdct_9x9) referenced from jcdctmgr.o(i.start_pass_fdctmgr)
 <LI><a href="#[16c]">jpeg_fdct_float</a> from jfdctflt.o(i.jpeg_fdct_float) referenced from jcdctmgr.o(i.start_pass_fdctmgr)
 <LI><a href="#[16b]">jpeg_fdct_ifast</a> from jfdctfst.o(i.jpeg_fdct_ifast) referenced from jcdctmgr.o(i.start_pass_fdctmgr)
 <LI><a href="#[16a]">jpeg_fdct_islow</a> from jfdctint.o(i.jpeg_fdct_islow) referenced from jcdctmgr.o(i.start_pass_fdctmgr)
 <LI><a href="#[f2]">low_level_output</a> from ethernetif.o(i.low_level_output) referenced from ethernetif.o(i.ethernetif_init)
 <LI><a href="#[133]">lwip_netconn_do_accepted</a> from api_msg.o(i.lwip_netconn_do_accepted) referenced from api_lib.o(i.netconn_accept)
 <LI><a href="#[134]">lwip_netconn_do_bind</a> from api_msg.o(i.lwip_netconn_do_bind) referenced from api_lib.o(i.netconn_bind)
 <LI><a href="#[135]">lwip_netconn_do_close</a> from api_msg.o(i.lwip_netconn_do_close) referenced from api_lib.o(i.netconn_close_shutdown)
 <LI><a href="#[136]">lwip_netconn_do_connect</a> from api_msg.o(i.lwip_netconn_do_connect) referenced from api_lib.o(i.netconn_connect)
 <LI><a href="#[131]">lwip_netconn_do_connected</a> from api_msg.o(i.lwip_netconn_do_connected) referenced from api_msg.o(i.lwip_netconn_do_connect)
 <LI><a href="#[137]">lwip_netconn_do_delconn</a> from api_msg.o(i.lwip_netconn_do_delconn) referenced from api_lib.o(i.netconn_delete)
 <LI><a href="#[138]">lwip_netconn_do_disconnect</a> from api_msg.o(i.lwip_netconn_do_disconnect) referenced from api_lib.o(i.netconn_disconnect)
 <LI><a href="#[139]">lwip_netconn_do_getaddr</a> from api_msg.o(i.lwip_netconn_do_getaddr) referenced from api_lib.o(i.netconn_getaddr)
 <LI><a href="#[13a]">lwip_netconn_do_listen</a> from api_msg.o(i.lwip_netconn_do_listen) referenced from api_lib.o(i.netconn_listen_with_backlog)
 <LI><a href="#[13b]">lwip_netconn_do_newconn</a> from api_msg.o(i.lwip_netconn_do_newconn) referenced from api_lib.o(i.netconn_new_with_proto_and_callback)
 <LI><a href="#[13c]">lwip_netconn_do_recv</a> from api_msg.o(i.lwip_netconn_do_recv) referenced from api_lib.o(i.netconn_recv_data)
 <LI><a href="#[13d]">lwip_netconn_do_send</a> from api_msg.o(i.lwip_netconn_do_send) referenced from api_lib.o(i.netconn_send)
 <LI><a href="#[13e]">lwip_netconn_do_write</a> from api_msg.o(i.lwip_netconn_do_write) referenced from api_lib.o(i.netconn_write_partly)
 <LI><a href="#[ad]">main</a> from main.o(i.main) referenced from entry9a.o(.ARM.Collect$$$$0000000B)
 <LI><a href="#[107]">null_convert</a> from jccolor.o(i.null_convert) referenced from jccolor.o(i.jinit_color_converter)
 <LI><a href="#[101]">null_method</a> from jccolor.o(i.null_method) referenced from jccolor.o(i.jinit_color_converter)
 <LI><a href="#[12a]">output_message</a> from jerror.o(i.output_message) referenced from jerror.o(i.jpeg_std_error)
 <LI><a href="#[fc]">pass_startup</a> from jcmaster.o(i.pass_startup) referenced from jcmaster.o(i.jinit_c_master_control)
 <LI><a href="#[12f]">poll_tcp</a> from api_msg.o(i.poll_tcp) referenced from api_msg.o(i.lwip_netconn_do_close_internal)
 <LI><a href="#[12f]">poll_tcp</a> from api_msg.o(i.poll_tcp) referenced from api_msg.o(i.setup_tcp)
 <LI><a href="#[ff]">pre_process_context</a> from jcprepct.o(i.pre_process_context) referenced from jcprepct.o(i.jinit_c_prep_controller)
 <LI><a href="#[100]">pre_process_data</a> from jcprepct.o(i.pre_process_data) referenced from jcprepct.o(i.jinit_c_prep_controller)
 <LI><a href="#[fb]">prepare_for_pass</a> from jcmaster.o(i.prepare_for_pass) referenced from jcmaster.o(i.jinit_c_master_control)
 <LI><a href="#[ed]">privateCallBack</a> from fsl_csi_camera_adapter.o(i.privateCallBack) referenced from bsp_ov7670.o(i.bsp_InitCamera)
 <LI><a href="#[177]">process_data_simple_main</a> from jcmainct.o(i.process_data_simple_main) referenced from jcmainct.o(i.start_pass_main)
 <LI><a href="#[182]">prvIdleTask</a> from tasks.o(i.prvIdleTask) referenced from tasks.o(i.vTaskStartScheduler)
 <LI><a href="#[141]">prvTaskExitError</a> from port.o(i.prvTaskExitError) referenced from port.o(i.pxPortInitialiseStack)
 <LI><a href="#[184]">prvTimerTask</a> from timers.o(i.prvTimerTask) referenced from timers.o(i.xTimerCreateTimerTask)
 <LI><a href="#[eb]">readCharCallback</a> from t_debug.o(i.readCharCallback) referenced from t_debug.o(i.T_Debug_Init)
 <LI><a href="#[120]">realize_virt_arrays</a> from jmemmgr.o(i.realize_virt_arrays) referenced from jmemmgr.o(i.jinit_memory_mgr)
 <LI><a href="#[13f]">recv_raw</a> from api_msg.o(i.recv_raw) referenced from api_msg.o(i.pcb_new)
 <LI><a href="#[142]">recv_tcp</a> from api_msg.o(i.recv_tcp) referenced from api_msg.o(i.setup_tcp)
 <LI><a href="#[140]">recv_udp</a> from api_msg.o(i.recv_udp) referenced from api_msg.o(i.pcb_new)
 <LI><a href="#[11f]">request_virt_barray</a> from jmemmgr.o(i.request_virt_barray) referenced from jmemmgr.o(i.jinit_memory_mgr)
 <LI><a href="#[11e]">request_virt_sarray</a> from jmemmgr.o(i.request_virt_sarray) referenced from jmemmgr.o(i.jinit_memory_mgr)
 <LI><a href="#[12c]">reset_error_mgr</a> from jerror.o(i.reset_error_mgr) referenced from jerror.o(i.jpeg_std_error)
 <LI><a href="#[105]">rgb_convert</a> from jccolor.o(i.rgb_convert) referenced from jccolor.o(i.jinit_color_converter)
 <LI><a href="#[104]">rgb_gray_convert</a> from jccolor.o(i.rgb_gray_convert) referenced from jccolor.o(i.jinit_color_converter)
 <LI><a href="#[106]">rgb_ycc_convert</a> from jccolor.o(i.rgb_ycc_convert) referenced from jccolor.o(i.jinit_color_converter)
 <LI><a href="#[103]">rgb_ycc_start</a> from jccolor.o(i.rgb_ycc_start) referenced from jccolor.o(i.jinit_color_converter)
 <LI><a href="#[124]">self_destruct</a> from jmemmgr.o(i.self_destruct) referenced from jmemmgr.o(i.jinit_memory_mgr)
 <LI><a href="#[12e]">sent_tcp</a> from api_msg.o(i.sent_tcp) referenced from api_msg.o(i.lwip_netconn_do_close_internal)
 <LI><a href="#[12e]">sent_tcp</a> from api_msg.o(i.sent_tcp) referenced from api_msg.o(i.setup_tcp)
 <LI><a href="#[10a]">sep_downsample</a> from jcsample.o(i.sep_downsample) referenced from jcsample.o(i.jinit_downsampler)
 <LI><a href="#[f7]">start_pass</a> from jcarith.o(i.start_pass) referenced from jcarith.o(i.jinit_arith_encoder)
 <LI><a href="#[f9]">start_pass_coef</a> from jccoefct.o(i.start_pass_coef) referenced from jccoefct.o(i.jinit_c_coef_controller)
 <LI><a href="#[109]">start_pass_downsample</a> from jcsample.o(i.start_pass_downsample) referenced from jcsample.o(i.jinit_downsampler)
 <LI><a href="#[111]">start_pass_fdctmgr</a> from jcdctmgr.o(i.start_pass_fdctmgr) referenced from jcdctmgr.o(i.jinit_forward_dct)
 <LI><a href="#[112]">start_pass_huff</a> from jchuff.o(i.start_pass_huff) referenced from jchuff.o(i.jinit_huff_encoder)
 <LI><a href="#[fa]">start_pass_main</a> from jcmainct.o(i.start_pass_main) referenced from jcmainct.o(i.jinit_c_main_controller)
 <LI><a href="#[fe]">start_pass_prep</a> from jcprepct.o(i.start_pass_prep) referenced from jcprepct.o(i.jinit_c_prep_controller)
 <LI><a href="#[17f]">t_recv_data</a> from t_debug.o(i.t_recv_data) referenced from freertos.o(i.vTaskCodeShell)
 <LI><a href="#[180]">t_send_data</a> from t_debug.o(i.t_send_data) referenced from freertos.o(i.vTaskCodeShell)
 <LI><a href="#[181]">task_tcp_server</a> from app_ui.o(i.task_tcp_server) referenced from freertos.o(i.vTaskCodeUi)
 <LI><a href="#[179]">tcp_accept_null</a> from tcp.o(i.tcp_accept_null) referenced from tcp.o(i.tcp_listen_with_backlog_and_err)
 <LI><a href="#[178]">tcp_recv_null</a> from tcp.o(i.tcp_recv_null) referenced from tcp.o(i.tcp_alloc)
 <LI><a href="#[195]">tcp_tmr</a> from tcp.o(i.tcp_tmr) referenced from timeouts.o(.constdata)
 <LI><a href="#[e9]">tcpip_input</a> from tcpip.o(i.tcpip_input) referenced from lwip_app.o(i.LWIP_Init)
 <LI><a href="#[17a]">tcpip_tcp_timer</a> from timeouts.o(i.tcpip_tcp_timer) referenced from timeouts.o(i.tcp_timer_needed)
 <LI><a href="#[17a]">tcpip_tcp_timer</a> from timeouts.o(i.tcpip_tcp_timer) referenced from timeouts.o(i.tcpip_tcp_timer)
 <LI><a href="#[17b]">tcpip_thread</a> from tcpip.o(i.tcpip_thread) referenced from tcpip.o(i.tcpip_init)
 <LI><a href="#[127]">term_mem_destination</a> from jdatadst.o(i.term_mem_destination) referenced from jdatadst.o(i.jpeg_mem_dest)
 <LI><a href="#[183]">vEventGroupSetBitsCallback</a> from event_groups.o(i.vEventGroupSetBitsCallback) referenced from event_groups.o(i.xEventGroupSetBitsFromISR)
 <LI><a href="#[f4]">vTaskCodeShell</a> from freertos.o(i.vTaskCodeShell) referenced from freertos.o(i.freeRtosInit)
 <LI><a href="#[f5]">vTaskCodeUi</a> from freertos.o(i.vTaskCodeUi) referenced from freertos.o(i.freeRtosInit)
 <LI><a href="#[f3]">vTaskLogLater</a> from freertos.o(i.vTaskLogLater) referenced from freertos.o(i.freeRtosInit)
 <LI><a href="#[113]">write_file_header</a> from jcmarker.o(i.write_file_header) referenced from jcmarker.o(i.jinit_marker_writer)
 <LI><a href="#[116]">write_file_trailer</a> from jcmarker.o(i.write_file_trailer) referenced from jcmarker.o(i.jinit_marker_writer)
 <LI><a href="#[114]">write_frame_header</a> from jcmarker.o(i.write_frame_header) referenced from jcmarker.o(i.jinit_marker_writer)
 <LI><a href="#[119]">write_marker_byte</a> from jcmarker.o(i.write_marker_byte) referenced from jcmarker.o(i.jinit_marker_writer)
 <LI><a href="#[118]">write_marker_header</a> from jcmarker.o(i.write_marker_header) referenced from jcmarker.o(i.jinit_marker_writer)
 <LI><a href="#[115]">write_scan_header</a> from jcmarker.o(i.write_scan_header) referenced from jcmarker.o(i.jinit_marker_writer)
 <LI><a href="#[117]">write_tables_only</a> from jcmarker.o(i.write_tables_only) referenced from jcmarker.o(i.jinit_marker_writer)
</UL>
<P>
<H3>
Global Symbols
</H3>
<P><STRONG><a name="[af]"></a>__main</STRONG> (Thumb, 0 bytes, Stack size unknown bytes, entry.o(.ARM.Collect$$$$00000000))
<BR>[Address Reference Count : 1]<UL><LI> startup_mimxrt1052.o(.text)
</UL>
<P><STRONG><a name="[444]"></a>_main_stk</STRONG> (Thumb, 0 bytes, Stack size unknown bytes, entry4.o(.ARM.Collect$$$$00000003))

<P><STRONG><a name="[19c]"></a>_main_scatterload</STRONG> (Thumb, 0 bytes, Stack size unknown bytes, entry5.o(.ARM.Collect$$$$00000004))
<BR><BR>[Calls]<UL><LI><a href="#[19d]">&gt;&gt;</a>&nbsp;&nbsp;&nbsp;__scatterload
</UL>

<P><STRONG><a name="[1af]"></a>__main_after_scatterload</STRONG> (Thumb, 0 bytes, Stack size unknown bytes, entry5.o(.ARM.Collect$$$$00000004))
<BR><BR>[Called By]<UL><LI><a href="#[19d]">&gt;&gt;</a>&nbsp;&nbsp;&nbsp;__scatterload
</UL>

<P><STRONG><a name="[445]"></a>_main_clock</STRONG> (Thumb, 0 bytes, Stack size unknown bytes, entry7b.o(.ARM.Collect$$$$00000008))

<P><STRONG><a name="[446]"></a>_main_cpp_init</STRONG> (Thumb, 0 bytes, Stack size unknown bytes, entry8b.o(.ARM.Collect$$$$0000000A))

<P><STRONG><a name="[447]"></a>_main_init</STRONG> (Thumb, 0 bytes, Stack size unknown bytes, entry9a.o(.ARM.Collect$$$$0000000B))

<P><STRONG><a name="[448]"></a>__rt_final_cpp</STRONG> (Thumb, 0 bytes, Stack size unknown bytes, entry10a.o(.ARM.Collect$$$$0000000D))

<P><STRONG><a name="[449]"></a>__rt_final_exit</STRONG> (Thumb, 0 bytes, Stack size unknown bytes, entry11a.o(.ARM.Collect$$$$0000000F))

<P><STRONG><a name="[8]"></a>SVC_Handler</STRONG> (Thumb, 28 bytes, Stack size 0 bytes, port.o(.emb_text))
<BR>[Address Reference Count : 1]<UL><LI> startup_mimxrt1052.o(RESET)
</UL>
<P><STRONG><a name="[43d]"></a>__asm___6_port_c_39a90d8d__prvStartFirstTask</STRONG> (Thumb, 36 bytes, Stack size 0 bytes, port.o(.emb_text))
<BR><BR>[Called By]<UL><LI><a href="#[436]">&gt;&gt;</a>&nbsp;&nbsp;&nbsp;xPortStartScheduler
</UL>

<P><STRONG><a name="[43c]"></a>__asm___6_port_c_39a90d8d__prvEnableVFP</STRONG> (Thumb, 16 bytes, Stack size 0 bytes, port.o(.emb_text))
<BR><BR>[Called By]<UL><LI><a href="#[436]">&gt;&gt;</a>&nbsp;&nbsp;&nbsp;xPortStartScheduler
</UL>

<P><STRONG><a name="[a]"></a>PendSV_Handler</STRONG> (Thumb, 88 bytes, Stack size 0 bytes, port.o(.emb_text))
<BR><BR>[Calls]<UL><LI><a href="#[19e]">&gt;&gt;</a>&nbsp;&nbsp;&nbsp;vTaskSwitchContext
</UL>
<BR>[Address Reference Count : 1]<UL><LI> startup_mimxrt1052.o(RESET)
</UL>
<P><STRONG><a name="[42d]"></a>vPortGetIPSR</STRONG> (Thumb, 6 bytes, Stack size 0 bytes, port.o(.emb_text))
<BR><BR>[Called By]<UL><LI><a href="#[42c]">&gt;&gt;</a>&nbsp;&nbsp;&nbsp;vPortValidateInterruptPriority
</UL>

<P><STRONG><a name="[2]"></a>Reset_Handler</STRONG> (Thumb, 24 bytes, Stack size 0 bytes, startup_mimxrt1052.o(.text))
<BR>[Address Reference Count : 1]<UL><LI> startup_mimxrt1052.o(RESET)
</UL>
<P><STRONG><a name="[3]"></a>NMI_Handler</STRONG> (Thumb, 2 bytes, Stack size 0 bytes, startup_mimxrt1052.o(.text))
<BR><BR>[Calls]<UL><LI><a href="#[3]">&gt;&gt;</a>&nbsp;&nbsp;&nbsp;NMI_Handler
</UL>
<BR>[Called By]<UL><LI><a href="#[3]">&gt;&gt;</a>&nbsp;&nbsp;&nbsp;NMI_Handler
</UL>
<BR>[Address Reference Count : 1]<UL><LI> startup_mimxrt1052.o(RESET)
</UL>
<P><STRONG><a name="[4]"></a>HardFault_Handler</STRONG> (Thumb, 2 bytes, Stack size 0 bytes, startup_mimxrt1052.o(.text))
<BR><BR>[Calls]<UL><LI><a href="#[4]">&gt;&gt;</a>&nbsp;&nbsp;&nbsp;HardFault_Handler
</UL>
<BR>[Called By]<UL><LI><a href="#[4]">&gt;&gt;</a>&nbsp;&nbsp;&nbsp;HardFault_Handler
</UL>
<BR>[Address Reference Count : 1]<UL><LI> startup_mimxrt1052.o(RESET)
</UL>
<P><STRONG><a name="[5]"></a>MemManage_Handler</STRONG> (Thumb, 2 bytes, Stack size 0 bytes, startup_mimxrt1052.o(.text))
<BR><BR>[Calls]<UL><LI><a href="#[5]">&gt;&gt;</a>&nbsp;&nbsp;&nbsp;MemManage_Handler
</UL>
<BR>[Called By]<UL><LI><a href="#[5]">&gt;&gt;</a>&nbsp;&nbsp;&nbsp;MemManage_Handler
</UL>
<BR>[Address Reference Count : 1]<UL><LI> startup_mimxrt1052.o(RESET)
</UL>
<P><STRONG><a name="[6]"></a>BusFault_Handler</STRONG> (Thumb, 2 bytes, Stack size 0 bytes, startup_mimxrt1052.o(.text))
<BR><BR>[Calls]<UL><LI><a href="#[6]">&gt;&gt;</a>&nbsp;&nbsp;&nbsp;BusFault_Handler
</UL>
<BR>[Called By]<UL><LI><a href="#[6]">&gt;&gt;</a>&nbsp;&nbsp;&nbsp;BusFault_Handler
</UL>
<BR>[Address Reference Count : 1]<UL><LI> startup_mimxrt1052.o(RESET)
</UL>
<P><STRONG><a name="[7]"></a>UsageFault_Handler</STRONG> (Thumb, 2 bytes, Stack size 0 bytes, startup_mimxrt1052.o(.text))
<BR><BR>[Calls]<UL><LI><a href="#[7]">&gt;&gt;</a>&nbsp;&nbsp;&nbsp;UsageFault_Handler
</UL>
<BR>[Called By]<UL><LI><a href="#[7]">&gt;&gt;</a>&nbsp;&nbsp;&nbsp;UsageFault_Handler
</UL>
<BR>[Address Reference Count : 1]<UL><LI> startup_mimxrt1052.o(RESET)
</UL>
<P><STRONG><a name="[9]"></a>DebugMon_Handler</STRONG> (Thumb, 2 bytes, Stack size 0 bytes, startup_mimxrt1052.o(.text))
<BR><BR>[Calls]<UL><LI><a href="#[9]">&gt;&gt;</a>&nbsp;&nbsp;&nbsp;DebugMon_Handler
</UL>
<BR>[Called By]<UL><LI><a href="#[9]">&gt;&gt;</a>&nbsp;&nbsp;&nbsp;DebugMon_Handler
</UL>
<BR>[Address Reference Count : 1]<UL><LI> startup_mimxrt1052.o(RESET)
</UL>
<P><STRONG><a name="[c]"></a>DMA0_DMA16_IRQHandler</STRONG> (Thumb, 4 bytes, Stack size 0 bytes, startup_mimxrt1052.o(.text))
<BR>[Address Reference Count : 1]<UL><LI> startup_mimxrt1052.o(RESET)
</UL>
<P><STRONG><a name="[d]"></a>DMA1_DMA17_IRQHandler</STRONG> (Thumb, 4 bytes, Stack size 0 bytes, startup_mimxrt1052.o(.text))
<BR>[Address Reference Count : 1]<UL><LI> startup_mimxrt1052.o(RESET)
</UL>
<P><STRONG><a name="[e]"></a>DMA2_DMA18_IRQHandler</STRONG> (Thumb, 4 bytes, Stack size 0 bytes, startup_mimxrt1052.o(.text))
<BR>[Address Reference Count : 1]<UL><LI> startup_mimxrt1052.o(RESET)
</UL>
<P><STRONG><a name="[f]"></a>DMA3_DMA19_IRQHandler</STRONG> (Thumb, 4 bytes, Stack size 0 bytes, startup_mimxrt1052.o(.text))
<BR>[Address Reference Count : 1]<UL><LI> startup_mimxrt1052.o(RESET)
</UL>
<P><STRONG><a name="[10]"></a>DMA4_DMA20_IRQHandler</STRONG> (Thumb, 4 bytes, Stack size 0 bytes, startup_mimxrt1052.o(.text))
<BR>[Address Reference Count : 1]<UL><LI> startup_mimxrt1052.o(RESET)
</UL>
<P><STRONG><a name="[11]"></a>DMA5_DMA21_IRQHandler</STRONG> (Thumb, 4 bytes, Stack size 0 bytes, startup_mimxrt1052.o(.text))
<BR>[Address Reference Count : 1]<UL><LI> startup_mimxrt1052.o(RESET)
</UL>
<P><STRONG><a name="[12]"></a>DMA6_DMA22_IRQHandler</STRONG> (Thumb, 4 bytes, Stack size 0 bytes, startup_mimxrt1052.o(.text))
<BR>[Address Reference Count : 1]<UL><LI> startup_mimxrt1052.o(RESET)
</UL>
<P><STRONG><a name="[13]"></a>DMA7_DMA23_IRQHandler</STRONG> (Thumb, 4 bytes, Stack size 0 bytes, startup_mimxrt1052.o(.text))
<BR>[Address Reference Count : 1]<UL><LI> startup_mimxrt1052.o(RESET)
</UL>
<P><STRONG><a name="[14]"></a>DMA8_DMA24_IRQHandler</STRONG> (Thumb, 4 bytes, Stack size 0 bytes, startup_mimxrt1052.o(.text))
<BR>[Address Reference Count : 1]<UL><LI> startup_mimxrt1052.o(RESET)
</UL>
<P><STRONG><a name="[15]"></a>DMA9_DMA25_IRQHandler</STRONG> (Thumb, 4 bytes, Stack size 0 bytes, startup_mimxrt1052.o(.text))
<BR>[Address Reference Count : 1]<UL><LI> startup_mimxrt1052.o(RESET)
</UL>
<P><STRONG><a name="[16]"></a>DMA10_DMA26_IRQHandler</STRONG> (Thumb, 4 bytes, Stack size 0 bytes, startup_mimxrt1052.o(.text))
<BR>[Address Reference Count : 1]<UL><LI> startup_mimxrt1052.o(RESET)
</UL>
<P><STRONG><a name="[17]"></a>DMA11_DMA27_IRQHandler</STRONG> (Thumb, 4 bytes, Stack size 0 bytes, startup_mimxrt1052.o(.text))
<BR>[Address Reference Count : 1]<UL><LI> startup_mimxrt1052.o(RESET)
</UL>
<P><STRONG><a name="[18]"></a>DMA12_DMA28_IRQHandler</STRONG> (Thumb, 4 bytes, Stack size 0 bytes, startup_mimxrt1052.o(.text))
<BR>[Address Reference Count : 1]<UL><LI> startup_mimxrt1052.o(RESET)
</UL>
<P><STRONG><a name="[19]"></a>DMA13_DMA29_IRQHandler</STRONG> (Thumb, 4 bytes, Stack size 0 bytes, startup_mimxrt1052.o(.text))
<BR>[Address Reference Count : 1]<UL><LI> startup_mimxrt1052.o(RESET)
</UL>
<P><STRONG><a name="[1a]"></a>DMA14_DMA30_IRQHandler</STRONG> (Thumb, 4 bytes, Stack size 0 bytes, startup_mimxrt1052.o(.text))
<BR>[Address Reference Count : 1]<UL><LI> startup_mimxrt1052.o(RESET)
</UL>
<P><STRONG><a name="[1b]"></a>DMA15_DMA31_IRQHandler</STRONG> (Thumb, 4 bytes, Stack size 0 bytes, startup_mimxrt1052.o(.text))
<BR>[Address Reference Count : 1]<UL><LI> startup_mimxrt1052.o(RESET)
</UL>
<P><STRONG><a name="[1c]"></a>DMA_ERROR_IRQHandler</STRONG> (Thumb, 4 bytes, Stack size 0 bytes, startup_mimxrt1052.o(.text))
<BR>[Address Reference Count : 1]<UL><LI> startup_mimxrt1052.o(RESET)
</UL>
<P><STRONG><a name="[21]"></a>LPUART2_IRQHandler</STRONG> (Thumb, 4 bytes, Stack size 0 bytes, startup_mimxrt1052.o(.text))
<BR>[Address Reference Count : 1]<UL><LI> startup_mimxrt1052.o(RESET)
</UL>
<P><STRONG><a name="[22]"></a>LPUART3_IRQHandler</STRONG> (Thumb, 4 bytes, Stack size 0 bytes, startup_mimxrt1052.o(.text))
<BR>[Address Reference Count : 1]<UL><LI> startup_mimxrt1052.o(RESET)
</UL>
<P><STRONG><a name="[23]"></a>LPUART4_IRQHandler</STRONG> (Thumb, 4 bytes, Stack size 0 bytes, startup_mimxrt1052.o(.text))
<BR>[Address Reference Count : 1]<UL><LI> startup_mimxrt1052.o(RESET)
</UL>
<P><STRONG><a name="[24]"></a>LPUART5_IRQHandler</STRONG> (Thumb, 4 bytes, Stack size 0 bytes, startup_mimxrt1052.o(.text))
<BR>[Address Reference Count : 1]<UL><LI> startup_mimxrt1052.o(RESET)
</UL>
<P><STRONG><a name="[25]"></a>LPUART6_IRQHandler</STRONG> (Thumb, 4 bytes, Stack size 0 bytes, startup_mimxrt1052.o(.text))
<BR>[Address Reference Count : 1]<UL><LI> startup_mimxrt1052.o(RESET)
</UL>
<P><STRONG><a name="[26]"></a>LPUART7_IRQHandler</STRONG> (Thumb, 4 bytes, Stack size 0 bytes, startup_mimxrt1052.o(.text))
<BR>[Address Reference Count : 1]<UL><LI> startup_mimxrt1052.o(RESET)
</UL>
<P><STRONG><a name="[27]"></a>LPUART8_IRQHandler</STRONG> (Thumb, 4 bytes, Stack size 0 bytes, startup_mimxrt1052.o(.text))
<BR>[Address Reference Count : 1]<UL><LI> startup_mimxrt1052.o(RESET)
</UL>
<P><STRONG><a name="[28]"></a>LPI2C1_IRQHandler</STRONG> (Thumb, 4 bytes, Stack size 0 bytes, startup_mimxrt1052.o(.text))
<BR>[Address Reference Count : 1]<UL><LI> startup_mimxrt1052.o(RESET)
</UL>
<P><STRONG><a name="[29]"></a>LPI2C2_IRQHandler</STRONG> (Thumb, 4 bytes, Stack size 0 bytes, startup_mimxrt1052.o(.text))
<BR>[Address Reference Count : 1]<UL><LI> startup_mimxrt1052.o(RESET)
</UL>
<P><STRONG><a name="[2a]"></a>LPI2C3_IRQHandler</STRONG> (Thumb, 4 bytes, Stack size 0 bytes, startup_mimxrt1052.o(.text))
<BR>[Address Reference Count : 1]<UL><LI> startup_mimxrt1052.o(RESET)
</UL>
<P><STRONG><a name="[2b]"></a>LPI2C4_IRQHandler</STRONG> (Thumb, 4 bytes, Stack size 0 bytes, startup_mimxrt1052.o(.text))
<BR>[Address Reference Count : 1]<UL><LI> startup_mimxrt1052.o(RESET)
</UL>
<P><STRONG><a name="[2c]"></a>LPSPI1_IRQHandler</STRONG> (Thumb, 4 bytes, Stack size 0 bytes, startup_mimxrt1052.o(.text))
<BR>[Address Reference Count : 1]<UL><LI> startup_mimxrt1052.o(RESET)
</UL>
<P><STRONG><a name="[2d]"></a>LPSPI2_IRQHandler</STRONG> (Thumb, 4 bytes, Stack size 0 bytes, startup_mimxrt1052.o(.text))
<BR>[Address Reference Count : 1]<UL><LI> startup_mimxrt1052.o(RESET)
</UL>
<P><STRONG><a name="[2e]"></a>LPSPI3_IRQHandler</STRONG> (Thumb, 4 bytes, Stack size 0 bytes, startup_mimxrt1052.o(.text))
<BR>[Address Reference Count : 1]<UL><LI> startup_mimxrt1052.o(RESET)
</UL>
<P><STRONG><a name="[2f]"></a>LPSPI4_IRQHandler</STRONG> (Thumb, 4 bytes, Stack size 0 bytes, startup_mimxrt1052.o(.text))
<BR>[Address Reference Count : 1]<UL><LI> startup_mimxrt1052.o(RESET)
</UL>
<P><STRONG><a name="[30]"></a>CAN1_IRQHandler</STRONG> (Thumb, 4 bytes, Stack size 0 bytes, startup_mimxrt1052.o(.text))
<BR>[Address Reference Count : 1]<UL><LI> startup_mimxrt1052.o(RESET)
</UL>
<P><STRONG><a name="[31]"></a>CAN2_IRQHandler</STRONG> (Thumb, 4 bytes, Stack size 0 bytes, startup_mimxrt1052.o(.text))
<BR>[Address Reference Count : 1]<UL><LI> startup_mimxrt1052.o(RESET)
</UL>
<P><STRONG><a name="[44]"></a>SAI1_IRQHandler</STRONG> (Thumb, 4 bytes, Stack size 0 bytes, startup_mimxrt1052.o(.text))
<BR>[Address Reference Count : 1]<UL><LI> startup_mimxrt1052.o(RESET)
</UL>
<P><STRONG><a name="[45]"></a>SAI2_IRQHandler</STRONG> (Thumb, 4 bytes, Stack size 0 bytes, startup_mimxrt1052.o(.text))
<BR>[Address Reference Count : 1]<UL><LI> startup_mimxrt1052.o(RESET)
</UL>
<P><STRONG><a name="[46]"></a>SAI3_RX_IRQHandler</STRONG> (Thumb, 4 bytes, Stack size 0 bytes, startup_mimxrt1052.o(.text))
<BR>[Address Reference Count : 1]<UL><LI> startup_mimxrt1052.o(RESET)
</UL>
<P><STRONG><a name="[47]"></a>SAI3_TX_IRQHandler</STRONG> (Thumb, 4 bytes, Stack size 0 bytes, startup_mimxrt1052.o(.text))
<BR>[Address Reference Count : 1]<UL><LI> startup_mimxrt1052.o(RESET)
</UL>
<P><STRONG><a name="[48]"></a>SPDIF_IRQHandler</STRONG> (Thumb, 4 bytes, Stack size 0 bytes, startup_mimxrt1052.o(.text))
<BR>[Address Reference Count : 1]<UL><LI> startup_mimxrt1052.o(RESET)
</UL>
<P><STRONG><a name="[66]"></a>FLEXIO1_IRQHandler</STRONG> (Thumb, 4 bytes, Stack size 0 bytes, startup_mimxrt1052.o(.text))
<BR>[Address Reference Count : 1]<UL><LI> startup_mimxrt1052.o(RESET)
</UL>
<P><STRONG><a name="[67]"></a>FLEXIO2_IRQHandler</STRONG> (Thumb, 4 bytes, Stack size 0 bytes, startup_mimxrt1052.o(.text))
<BR>[Address Reference Count : 1]<UL><LI> startup_mimxrt1052.o(RESET)
</UL>
<P><STRONG><a name="[78]"></a>FLEXSPI_IRQHandler</STRONG> (Thumb, 4 bytes, Stack size 0 bytes, startup_mimxrt1052.o(.text))
<BR>[Address Reference Count : 1]<UL><LI> startup_mimxrt1052.o(RESET)
</UL>
<P><STRONG><a name="[7a]"></a>USDHC1_IRQHandler</STRONG> (Thumb, 4 bytes, Stack size 0 bytes, startup_mimxrt1052.o(.text))
<BR>[Address Reference Count : 1]<UL><LI> startup_mimxrt1052.o(RESET)
</UL>
<P><STRONG><a name="[7b]"></a>USDHC2_IRQHandler</STRONG> (Thumb, 4 bytes, Stack size 0 bytes, startup_mimxrt1052.o(.text))
<BR>[Address Reference Count : 1]<UL><LI> startup_mimxrt1052.o(RESET)
</UL>
<P><STRONG><a name="[7e]"></a>ENET_IRQHandler</STRONG> (Thumb, 4 bytes, Stack size 0 bytes, startup_mimxrt1052.o(.text))
<BR>[Address Reference Count : 1]<UL><LI> startup_mimxrt1052.o(RESET)
</UL>
<P><STRONG><a name="[87]"></a>ACMP1_IRQHandler</STRONG> (Thumb, 0 bytes, Stack size 0 bytes, startup_mimxrt1052.o(.text))
<BR>[Address Reference Count : 1]<UL><LI> startup_mimxrt1052.o(RESET)
</UL>
<P><STRONG><a name="[88]"></a>ACMP2_IRQHandler</STRONG> (Thumb, 0 bytes, Stack size 0 bytes, startup_mimxrt1052.o(.text))
<BR>[Address Reference Count : 1]<UL><LI> startup_mimxrt1052.o(RESET)
</UL>
<P><STRONG><a name="[89]"></a>ACMP3_IRQHandler</STRONG> (Thumb, 0 bytes, Stack size 0 bytes, startup_mimxrt1052.o(.text))
<BR>[Address Reference Count : 1]<UL><LI> startup_mimxrt1052.o(RESET)
</UL>
<P><STRONG><a name="[8a]"></a>ACMP4_IRQHandler</STRONG> (Thumb, 0 bytes, Stack size 0 bytes, startup_mimxrt1052.o(.text))
<BR>[Address Reference Count : 1]<UL><LI> startup_mimxrt1052.o(RESET)
</UL>
<P><STRONG><a name="[4f]"></a>ADC1_IRQHandler</STRONG> (Thumb, 0 bytes, Stack size 0 bytes, startup_mimxrt1052.o(.text))
<BR>[Address Reference Count : 1]<UL><LI> startup_mimxrt1052.o(RESET)
</UL>
<P><STRONG><a name="[50]"></a>ADC2_IRQHandler</STRONG> (Thumb, 0 bytes, Stack size 0 bytes, startup_mimxrt1052.o(.text))
<BR>[Address Reference Count : 1]<UL><LI> startup_mimxrt1052.o(RESET)
</UL>
<P><STRONG><a name="[85]"></a>ADC_ETC_ERROR_IRQ_IRQHandler</STRONG> (Thumb, 0 bytes, Stack size 0 bytes, startup_mimxrt1052.o(.text))
<BR>[Address Reference Count : 1]<UL><LI> startup_mimxrt1052.o(RESET)
</UL>
<P><STRONG><a name="[82]"></a>ADC_ETC_IRQ0_IRQHandler</STRONG> (Thumb, 0 bytes, Stack size 0 bytes, startup_mimxrt1052.o(.text))
<BR>[Address Reference Count : 1]<UL><LI> startup_mimxrt1052.o(RESET)
</UL>
<P><STRONG><a name="[83]"></a>ADC_ETC_IRQ1_IRQHandler</STRONG> (Thumb, 0 bytes, Stack size 0 bytes, startup_mimxrt1052.o(.text))
<BR>[Address Reference Count : 1]<UL><LI> startup_mimxrt1052.o(RESET)
</UL>
<P><STRONG><a name="[84]"></a>ADC_ETC_IRQ2_IRQHandler</STRONG> (Thumb, 0 bytes, Stack size 0 bytes, startup_mimxrt1052.o(.text))
<BR>[Address Reference Count : 1]<UL><LI> startup_mimxrt1052.o(RESET)
</UL>
<P><STRONG><a name="[49]"></a>ANATOP_EVENT0_IRQHandler</STRONG> (Thumb, 0 bytes, Stack size 0 bytes, startup_mimxrt1052.o(.text))
<BR>[Address Reference Count : 1]<UL><LI> startup_mimxrt1052.o(RESET)
</UL>
<P><STRONG><a name="[4a]"></a>ANATOP_EVENT1_IRQHandler</STRONG> (Thumb, 0 bytes, Stack size 0 bytes, startup_mimxrt1052.o(.text))
<BR>[Address Reference Count : 1]<UL><LI> startup_mimxrt1052.o(RESET)
</UL>
<P><STRONG><a name="[4b]"></a>ANATOP_TAMP_LOW_HIGH_IRQHandler</STRONG> (Thumb, 0 bytes, Stack size 0 bytes, startup_mimxrt1052.o(.text))
<BR>[Address Reference Count : 1]<UL><LI> startup_mimxrt1052.o(RESET)
</UL>
<P><STRONG><a name="[4c]"></a>ANATOP_TEMP_PANIC_IRQHandler</STRONG> (Thumb, 0 bytes, Stack size 0 bytes, startup_mimxrt1052.o(.text))
<BR>[Address Reference Count : 1]<UL><LI> startup_mimxrt1052.o(RESET)
</UL>
<P><STRONG><a name="[43]"></a>BEE_IRQHandler</STRONG> (Thumb, 0 bytes, Stack size 0 bytes, startup_mimxrt1052.o(.text))
<BR>[Address Reference Count : 1]<UL><LI> startup_mimxrt1052.o(RESET)
</UL>
<P><STRONG><a name="[d1]"></a>CAN1_DriverIRQHandler</STRONG> (Thumb, 0 bytes, Stack size 0 bytes, startup_mimxrt1052.o(.text))
<BR>[Address Reference Count : 1]<UL><LI> startup_mimxrt1052.o(.text)
</UL>
<P><STRONG><a name="[d2]"></a>CAN2_DriverIRQHandler</STRONG> (Thumb, 0 bytes, Stack size 0 bytes, startup_mimxrt1052.o(.text))
<BR>[Address Reference Count : 1]<UL><LI> startup_mimxrt1052.o(.text)
</UL>
<P><STRONG><a name="[6b]"></a>CCM_1_IRQHandler</STRONG> (Thumb, 0 bytes, Stack size 0 bytes, startup_mimxrt1052.o(.text))
<BR>[Address Reference Count : 1]<UL><LI> startup_mimxrt1052.o(RESET)
</UL>
<P><STRONG><a name="[6c]"></a>CCM_2_IRQHandler</STRONG> (Thumb, 0 bytes, Stack size 0 bytes, startup_mimxrt1052.o(.text))
<BR>[Address Reference Count : 1]<UL><LI> startup_mimxrt1052.o(RESET)
</UL>
<P><STRONG><a name="[1f]"></a>CORE_IRQHandler</STRONG> (Thumb, 0 bytes, Stack size 0 bytes, startup_mimxrt1052.o(.text))
<BR>[Address Reference Count : 1]<UL><LI> startup_mimxrt1052.o(RESET)
</UL>
<P><STRONG><a name="[3d]"></a>CSU_IRQHandler</STRONG> (Thumb, 0 bytes, Stack size 0 bytes, startup_mimxrt1052.o(.text))
<BR>[Address Reference Count : 1]<UL><LI> startup_mimxrt1052.o(RESET)
</UL>
<P><STRONG><a name="[1d]"></a>CTI0_ERROR_IRQHandler</STRONG> (Thumb, 0 bytes, Stack size 0 bytes, startup_mimxrt1052.o(.text))
<BR>[Address Reference Count : 1]<UL><LI> startup_mimxrt1052.o(RESET)
</UL>
<P><STRONG><a name="[1e]"></a>CTI1_ERROR_IRQHandler</STRONG> (Thumb, 0 bytes, Stack size 0 bytes, startup_mimxrt1052.o(.text))
<BR>[Address Reference Count : 1]<UL><LI> startup_mimxrt1052.o(RESET)
</UL>
<P><STRONG><a name="[51]"></a>DCDC_IRQHandler</STRONG> (Thumb, 0 bytes, Stack size 0 bytes, startup_mimxrt1052.o(.text))
<BR>[Address Reference Count : 1]<UL><LI> startup_mimxrt1052.o(RESET)
</UL>
<P><STRONG><a name="[3e]"></a>DCP_IRQHandler</STRONG> (Thumb, 0 bytes, Stack size 0 bytes, startup_mimxrt1052.o(.text))
<BR>[Address Reference Count : 1]<UL><LI> startup_mimxrt1052.o(RESET)
</UL>
<P><STRONG><a name="[3f]"></a>DCP_VMI_IRQHandler</STRONG> (Thumb, 0 bytes, Stack size 0 bytes, startup_mimxrt1052.o(.text))
<BR>[Address Reference Count : 1]<UL><LI> startup_mimxrt1052.o(RESET)
</UL>
<P><STRONG><a name="[b0]"></a>DMA0_DMA16_DriverIRQHandler</STRONG> (Thumb, 0 bytes, Stack size 0 bytes, startup_mimxrt1052.o(.text))
<BR>[Address Reference Count : 1]<UL><LI> startup_mimxrt1052.o(.text)
</UL>
<P><STRONG><a name="[ba]"></a>DMA10_DMA26_DriverIRQHandler</STRONG> (Thumb, 0 bytes, Stack size 0 bytes, startup_mimxrt1052.o(.text))
<BR>[Address Reference Count : 1]<UL><LI> startup_mimxrt1052.o(.text)
</UL>
<P><STRONG><a name="[bb]"></a>DMA11_DMA27_DriverIRQHandler</STRONG> (Thumb, 0 bytes, Stack size 0 bytes, startup_mimxrt1052.o(.text))
<BR>[Address Reference Count : 1]<UL><LI> startup_mimxrt1052.o(.text)
</UL>
<P><STRONG><a name="[bc]"></a>DMA12_DMA28_DriverIRQHandler</STRONG> (Thumb, 0 bytes, Stack size 0 bytes, startup_mimxrt1052.o(.text))
<BR>[Address Reference Count : 1]<UL><LI> startup_mimxrt1052.o(.text)
</UL>
<P><STRONG><a name="[bd]"></a>DMA13_DMA29_DriverIRQHandler</STRONG> (Thumb, 0 bytes, Stack size 0 bytes, startup_mimxrt1052.o(.text))
<BR>[Address Reference Count : 1]<UL><LI> startup_mimxrt1052.o(.text)
</UL>
<P><STRONG><a name="[be]"></a>DMA14_DMA30_DriverIRQHandler</STRONG> (Thumb, 0 bytes, Stack size 0 bytes, startup_mimxrt1052.o(.text))
<BR>[Address Reference Count : 1]<UL><LI> startup_mimxrt1052.o(.text)
</UL>
<P><STRONG><a name="[bf]"></a>DMA15_DMA31_DriverIRQHandler</STRONG> (Thumb, 0 bytes, Stack size 0 bytes, startup_mimxrt1052.o(.text))
<BR>[Address Reference Count : 1]<UL><LI> startup_mimxrt1052.o(.text)
</UL>
<P><STRONG><a name="[b1]"></a>DMA1_DMA17_DriverIRQHandler</STRONG> (Thumb, 0 bytes, Stack size 0 bytes, startup_mimxrt1052.o(.text))
<BR>[Address Reference Count : 1]<UL><LI> startup_mimxrt1052.o(.text)
</UL>
<P><STRONG><a name="[b2]"></a>DMA2_DMA18_DriverIRQHandler</STRONG> (Thumb, 0 bytes, Stack size 0 bytes, startup_mimxrt1052.o(.text))
<BR>[Address Reference Count : 1]<UL><LI> startup_mimxrt1052.o(.text)
</UL>
<P><STRONG><a name="[b3]"></a>DMA3_DMA19_DriverIRQHandler</STRONG> (Thumb, 0 bytes, Stack size 0 bytes, startup_mimxrt1052.o(.text))
<BR>[Address Reference Count : 1]<UL><LI> startup_mimxrt1052.o(.text)
</UL>
<P><STRONG><a name="[b4]"></a>DMA4_DMA20_DriverIRQHandler</STRONG> (Thumb, 0 bytes, Stack size 0 bytes, startup_mimxrt1052.o(.text))
<BR>[Address Reference Count : 1]<UL><LI> startup_mimxrt1052.o(.text)
</UL>
<P><STRONG><a name="[b5]"></a>DMA5_DMA21_DriverIRQHandler</STRONG> (Thumb, 0 bytes, Stack size 0 bytes, startup_mimxrt1052.o(.text))
<BR>[Address Reference Count : 1]<UL><LI> startup_mimxrt1052.o(.text)
</UL>
<P><STRONG><a name="[b6]"></a>DMA6_DMA22_DriverIRQHandler</STRONG> (Thumb, 0 bytes, Stack size 0 bytes, startup_mimxrt1052.o(.text))
<BR>[Address Reference Count : 1]<UL><LI> startup_mimxrt1052.o(.text)
</UL>
<P><STRONG><a name="[b7]"></a>DMA7_DMA23_DriverIRQHandler</STRONG> (Thumb, 0 bytes, Stack size 0 bytes, startup_mimxrt1052.o(.text))
<BR>[Address Reference Count : 1]<UL><LI> startup_mimxrt1052.o(.text)
</UL>
<P><STRONG><a name="[b8]"></a>DMA8_DMA24_DriverIRQHandler</STRONG> (Thumb, 0 bytes, Stack size 0 bytes, startup_mimxrt1052.o(.text))
<BR>[Address Reference Count : 1]<UL><LI> startup_mimxrt1052.o(.text)
</UL>
<P><STRONG><a name="[b9]"></a>DMA9_DMA25_DriverIRQHandler</STRONG> (Thumb, 0 bytes, Stack size 0 bytes, startup_mimxrt1052.o(.text))
<BR>[Address Reference Count : 1]<UL><LI> startup_mimxrt1052.o(.text)
</UL>
<P><STRONG><a name="[c0]"></a>DMA_ERROR_DriverIRQHandler</STRONG> (Thumb, 0 bytes, Stack size 0 bytes, startup_mimxrt1052.o(.text))
<BR>[Address Reference Count : 1]<UL><LI> startup_mimxrt1052.o(.text)
</UL>
<P><STRONG><a name="[ac]"></a>DefaultISR</STRONG> (Thumb, 0 bytes, Stack size 0 bytes, startup_mimxrt1052.o(.text))
<BR>[Address Reference Count : 2]<UL><LI> startup_mimxrt1052.o(.text)
<LI> startup_mimxrt1052.o(RESET)
</UL>
<P><STRONG><a name="[8d]"></a>ENC1_IRQHandler</STRONG> (Thumb, 0 bytes, Stack size 0 bytes, startup_mimxrt1052.o(.text))
<BR>[Address Reference Count : 1]<UL><LI> startup_mimxrt1052.o(RESET)
</UL>
<P><STRONG><a name="[8e]"></a>ENC2_IRQHandler</STRONG> (Thumb, 0 bytes, Stack size 0 bytes, startup_mimxrt1052.o(.text))
<BR>[Address Reference Count : 1]<UL><LI> startup_mimxrt1052.o(RESET)
</UL>
<P><STRONG><a name="[8f]"></a>ENC3_IRQHandler</STRONG> (Thumb, 0 bytes, Stack size 0 bytes, startup_mimxrt1052.o(.text))
<BR>[Address Reference Count : 1]<UL><LI> startup_mimxrt1052.o(RESET)
</UL>
<P><STRONG><a name="[90]"></a>ENC4_IRQHandler</STRONG> (Thumb, 0 bytes, Stack size 0 bytes, startup_mimxrt1052.o(.text))
<BR>[Address Reference Count : 1]<UL><LI> startup_mimxrt1052.o(RESET)
</UL>
<P><STRONG><a name="[de]"></a>ENET_1588_Timer_DriverIRQHandler</STRONG> (Thumb, 0 bytes, Stack size 0 bytes, startup_mimxrt1052.o(.text))
<BR>[Address Reference Count : 1]<UL><LI> startup_mimxrt1052.o(.text)
</UL>
<P><STRONG><a name="[6a]"></a>EWM_IRQHandler</STRONG> (Thumb, 0 bytes, Stack size 0 bytes, startup_mimxrt1052.o(.text))
<BR>[Address Reference Count : 1]<UL><LI> startup_mimxrt1052.o(RESET)
</UL>
<P><STRONG><a name="[d8]"></a>FLEXIO1_DriverIRQHandler</STRONG> (Thumb, 0 bytes, Stack size 0 bytes, startup_mimxrt1052.o(.text))
<BR>[Address Reference Count : 1]<UL><LI> startup_mimxrt1052.o(.text)
</UL>
<P><STRONG><a name="[d9]"></a>FLEXIO2_DriverIRQHandler</STRONG> (Thumb, 0 bytes, Stack size 0 bytes, startup_mimxrt1052.o(.text))
<BR>[Address Reference Count : 1]<UL><LI> startup_mimxrt1052.o(.text)
</UL>
<P><STRONG><a name="[32]"></a>FLEXRAM_IRQHandler</STRONG> (Thumb, 0 bytes, Stack size 0 bytes, startup_mimxrt1052.o(.text))
<BR>[Address Reference Count : 1]<UL><LI> startup_mimxrt1052.o(RESET)
</UL>
<P><STRONG><a name="[da]"></a>FLEXSPI_DriverIRQHandler</STRONG> (Thumb, 0 bytes, Stack size 0 bytes, startup_mimxrt1052.o(.text))
<BR>[Address Reference Count : 1]<UL><LI> startup_mimxrt1052.o(.text)
</UL>
<P><STRONG><a name="[6d]"></a>GPC_IRQHandler</STRONG> (Thumb, 0 bytes, Stack size 0 bytes, startup_mimxrt1052.o(.text))
<BR>[Address Reference Count : 1]<UL><LI> startup_mimxrt1052.o(RESET)
</UL>
<P><STRONG><a name="[5c]"></a>GPIO1_Combined_0_15_IRQHandler</STRONG> (Thumb, 0 bytes, Stack size 0 bytes, startup_mimxrt1052.o(.text))
<BR>[Address Reference Count : 1]<UL><LI> startup_mimxrt1052.o(RESET)
</UL>
<P><STRONG><a name="[5d]"></a>GPIO1_Combined_16_31_IRQHandler</STRONG> (Thumb, 0 bytes, Stack size 0 bytes, startup_mimxrt1052.o(.text))
<BR>[Address Reference Count : 1]<UL><LI> startup_mimxrt1052.o(RESET)
</UL>
<P><STRONG><a name="[54]"></a>GPIO1_INT0_IRQHandler</STRONG> (Thumb, 0 bytes, Stack size 0 bytes, startup_mimxrt1052.o(.text))
<BR>[Address Reference Count : 1]<UL><LI> startup_mimxrt1052.o(RESET)
</UL>
<P><STRONG><a name="[55]"></a>GPIO1_INT1_IRQHandler</STRONG> (Thumb, 0 bytes, Stack size 0 bytes, startup_mimxrt1052.o(.text))
<BR>[Address Reference Count : 1]<UL><LI> startup_mimxrt1052.o(RESET)
</UL>
[...]
<LI><a href="#[2d0]">&gt;&gt;</a>&nbsp;&nbsp;&nbsp;emit_byte
<LI><a href="#[2cf]">&gt;&gt;</a>&nbsp;&nbsp;&nbsp;emit_2bytes
</UL>
<BR>[Called By]<UL><LI><a href="#[115]">&gt;&gt;</a>&nbsp;&nbsp;&nbsp;write_scan_header
</UL>

<P><STRONG><a name="[2da]"></a>emit_dht</STRONG> (Thumb, 158 bytes, Stack size 32 bytes, jcmarker.o(i.emit_dht))
<BR><BR>[Stack]<UL><LI>Max Depth = 64<LI>Call Chain = emit_dht &rArr; emit_marker &rArr; emit_byte
</UL>
<BR>[Calls]<UL><LI><a href="#[2d4]">&gt;&gt;</a>&nbsp;&nbsp;&nbsp;emit_marker
<LI><a href="#[2d0]">&gt;&gt;</a>&nbsp;&nbsp;&nbsp;emit_byte
<LI><a href="#[2cf]">&gt;&gt;</a>&nbsp;&nbsp;&nbsp;emit_2bytes
</UL>
<BR>[Called By]<UL><LI><a href="#[117]">&gt;&gt;</a>&nbsp;&nbsp;&nbsp;write_tables_only
<LI><a href="#[115]">&gt;&gt;</a>&nbsp;&nbsp;&nbsp;write_scan_header
</UL>

<P><STRONG><a name="[2db]"></a>emit_dqt</STRONG> (Thumb, 186 bytes, Stack size 32 bytes, jcmarker.o(i.emit_dqt))
<BR><BR>[Stack]<UL><LI>Max Depth = 64<LI>Call Chain = emit_dqt &rArr; emit_marker &rArr; emit_byte
</UL>
<BR>[Calls]<UL><LI><a href="#[2d4]">&gt;&gt;</a>&nbsp;&nbsp;&nbsp;emit_marker
<LI><a href="#[2d0]">&gt;&gt;</a>&nbsp;&nbsp;&nbsp;emit_byte
<LI><a href="#[2cf]">&gt;&gt;</a>&nbsp;&nbsp;&nbsp;emit_2bytes
</UL>
<BR>[Called By]<UL><LI><a href="#[117]">&gt;&gt;</a>&nbsp;&nbsp;&nbsp;write_tables_only
<LI><a href="#[114]">&gt;&gt;</a>&nbsp;&nbsp;&nbsp;write_frame_header
</UL>

<P><STRONG><a name="[2dc]"></a>emit_dri</STRONG> (Thumb, 32 bytes, Stack size 8 bytes, jcmarker.o(i.emit_dri))
<BR><BR>[Stack]<UL><LI>Max Depth = 40<LI>Call Chain = emit_dri &rArr; emit_marker &rArr; emit_byte
</UL>
<BR>[Calls]<UL><LI><a href="#[2d4]">&gt;&gt;</a>&nbsp;&nbsp;&nbsp;emit_marker
<LI><a href="#[2cf]">&gt;&gt;</a>&nbsp;&nbsp;&nbsp;emit_2bytes
</UL>
<BR>[Called By]<UL><LI><a href="#[115]">&gt;&gt;</a>&nbsp;&nbsp;&nbsp;write_scan_header
</UL>

<P><STRONG><a name="[2de]"></a>emit_jfif_app0</STRONG> (Thumb, 128 bytes, Stack size 8 bytes, jcmarker.o(i.emit_jfif_app0))
<BR><BR>[Stack]<UL><LI>Max Depth = 40<LI>Call Chain = emit_jfif_app0 &rArr; emit_marker &rArr; emit_byte
</UL>
<BR>[Calls]<UL><LI><a href="#[2d4]">&gt;&gt;</a>&nbsp;&nbsp;&nbsp;emit_marker
<LI><a href="#[2d0]">&gt;&gt;</a>&nbsp;&nbsp;&nbsp;emit_byte
<LI><a href="#[2cf]">&gt;&gt;</a>&nbsp;&nbsp;&nbsp;emit_2bytes
</UL>
<BR>[Called By]<UL><LI><a href="#[113]">&gt;&gt;</a>&nbsp;&nbsp;&nbsp;write_file_header
</UL>

<P><STRONG><a name="[2d4]"></a>emit_marker</STRONG> (Thumb, 24 bytes, Stack size 16 bytes, jcmarker.o(i.emit_marker))
<BR><BR>[Stack]<UL><LI>Max Depth = 32<LI>Call Chain = emit_marker &rArr; emit_byte
</UL>
<BR>[Calls]<UL><LI><a href="#[2d0]">&gt;&gt;</a>&nbsp;&nbsp;&nbsp;emit_byte
</UL>
<BR>[Called By]<UL><LI><a href="#[117]">&gt;&gt;</a>&nbsp;&nbsp;&nbsp;write_tables_only
<LI><a href="#[118]">&gt;&gt;</a>&nbsp;&nbsp;&nbsp;write_marker_header
<LI><a href="#[116]">&gt;&gt;</a>&nbsp;&nbsp;&nbsp;write_file_trailer
<LI><a href="#[113]">&gt;&gt;</a>&nbsp;&nbsp;&nbsp;write_file_header
<LI><a href="#[2e6]">&gt;&gt;</a>&nbsp;&nbsp;&nbsp;emit_sos
<LI><a href="#[2e5]">&gt;&gt;</a>&nbsp;&nbsp;&nbsp;emit_sof
<LI><a href="#[2df]">&gt;&gt;</a>&nbsp;&nbsp;&nbsp;emit_pseudo_sos
<LI><a href="#[2de]">&gt;&gt;</a>&nbsp;&nbsp;&nbsp;emit_jfif_app0
<LI><a href="#[2dc]">&gt;&gt;</a>&nbsp;&nbsp;&nbsp;emit_dri
<LI><a href="#[2db]">&gt;&gt;</a>&nbsp;&nbsp;&nbsp;emit_dqt
<LI><a href="#[2da]">&gt;&gt;</a>&nbsp;&nbsp;&nbsp;emit_dht
<LI><a href="#[2d9]">&gt;&gt;</a>&nbsp;&nbsp;&nbsp;emit_dac
<LI><a href="#[2d3]">&gt;&gt;</a>&nbsp;&nbsp;&nbsp;emit_adobe_app14
</UL>

<P><STRONG><a name="[2df]"></a>emit_pseudo_sos</STRONG> (Thumb, 60 bytes, Stack size 8 bytes, jcmarker.o(i.emit_pseudo_sos))
<BR><BR>[Stack]<UL><LI>Max Depth = 40<LI>Call Chain = emit_pseudo_sos &rArr; emit_marker &rArr; emit_byte
</UL>
<BR>[Calls]<UL><LI><a href="#[2d4]">&gt;&gt;</a>&nbsp;&nbsp;&nbsp;emit_marker
<LI><a href="#[2d0]">&gt;&gt;</a>&nbsp;&nbsp;&nbsp;emit_byte
<LI><a href="#[2cf]">&gt;&gt;</a>&nbsp;&nbsp;&nbsp;emit_2bytes
</UL>
<BR>[Called By]<UL><LI><a href="#[114]">&gt;&gt;</a>&nbsp;&nbsp;&nbsp;write_frame_header
</UL>

<P><STRONG><a name="[2e5]"></a>emit_sof</STRONG> (Thumb, 152 bytes, Stack size 24 bytes, jcmarker.o(i.emit_sof))
<BR><BR>[Stack]<UL><LI>Max Depth = 56<LI>Call Chain = emit_sof &rArr; emit_marker &rArr; emit_byte
</UL>
<BR>[Calls]<UL><LI><a href="#[2d4]">&gt;&gt;</a>&nbsp;&nbsp;&nbsp;emit_marker
<LI><a href="#[2d0]">&gt;&gt;</a>&nbsp;&nbsp;&nbsp;emit_byte
<LI><a href="#[2cf]">&gt;&gt;</a>&nbsp;&nbsp;&nbsp;emit_2bytes
</UL>
<BR>[Called By]<UL><LI><a href="#[114]">&gt;&gt;</a>&nbsp;&nbsp;&nbsp;write_frame_header
</UL>

<P><STRONG><a name="[2e6]"></a>emit_sos</STRONG> (Thumb, 154 bytes, Stack size 24 bytes, jcmarker.o(i.emit_sos))
<BR><BR>[Stack]<UL><LI>Max Depth = 56<LI>Call Chain = emit_sos &rArr; emit_marker &rArr; emit_byte
</UL>
<BR>[Calls]<UL><LI><a href="#[2d4]">&gt;&gt;</a>&nbsp;&nbsp;&nbsp;emit_marker
<LI><a href="#[2d0]">&gt;&gt;</a>&nbsp;&nbsp;&nbsp;emit_byte
<LI><a href="#[2cf]">&gt;&gt;</a>&nbsp;&nbsp;&nbsp;emit_2bytes
</UL>
<BR>[Called By]<UL><LI><a href="#[115]">&gt;&gt;</a>&nbsp;&nbsp;&nbsp;write_scan_header
</UL>

<P><STRONG><a name="[113]"></a>write_file_header</STRONG> (Thumb, 46 bytes, Stack size 16 bytes, jcmarker.o(i.write_file_header))
<BR><BR>[Stack]<UL><LI>Max Depth = 56<LI>Call Chain = write_file_header &rArr; emit_jfif_app0 &rArr; emit_marker &rArr; emit_byte
</UL>
<BR>[Calls]<UL><LI><a href="#[2d4]">&gt;&gt;</a>&nbsp;&nbsp;&nbsp;emit_marker
<LI><a href="#[2de]">&gt;&gt;</a>&nbsp;&nbsp;&nbsp;emit_jfif_app0
<LI><a href="#[2d3]">&gt;&gt;</a>&nbsp;&nbsp;&nbsp;emit_adobe_app14
</UL>
<BR>[Address Reference Count : 1]<UL><LI> jcmarker.o(i.jinit_marker_writer)
</UL>
<P><STRONG><a name="[116]"></a>write_file_trailer</STRONG> (Thumb, 14 bytes, Stack size 8 bytes, jcmarker.o(i.write_file_trailer))
<BR><BR>[Stack]<UL><LI>Max Depth = 40<LI>Call Chain = write_file_trailer &rArr; emit_marker &rArr; emit_byte
</UL>
<BR>[Calls]<UL><LI><a href="#[2d4]">&gt;&gt;</a>&nbsp;&nbsp;&nbsp;emit_marker
</UL>
<BR>[Address Reference Count : 1]<UL><LI> jcmarker.o(i.jinit_marker_writer)
</UL>
<P><STRONG><a name="[114]"></a>write_frame_header</STRONG> (Thumb, 216 bytes, Stack size 24 bytes, jcmarker.o(i.write_frame_header))
<BR><BR>[Stack]<UL><LI>Max Depth = 88<LI>Call Chain = write_frame_header &rArr; emit_dqt &rArr; emit_marker &rArr; emit_byte
</UL>
<BR>[Calls]<UL><LI><a href="#[2e5]">&gt;&gt;</a>&nbsp;&nbsp;&nbsp;emit_sof
<LI><a href="#[2df]">&gt;&gt;</a>&nbsp;&nbsp;&nbsp;emit_pseudo_sos
<LI><a href="#[2db]">&gt;&gt;</a>&nbsp;&nbsp;&nbsp;emit_dqt
</UL>
<BR>[Address Reference Count : 1]<UL><LI> jcmarker.o(i.jinit_marker_writer)
</UL>
<P><STRONG><a name="[119]"></a>write_marker_byte</STRONG> (Thumb, 16 bytes, Stack size 16 bytes, jcmarker.o(i.write_marker_byte))
<BR><BR>[Stack]<UL><LI>Max Depth = 32<LI>Call Chain = write_marker_byte &rArr; emit_byte
</UL>
<BR>[Calls]<UL><LI><a href="#[2d0]">&gt;&gt;</a>&nbsp;&nbsp;&nbsp;emit_byte
</UL>
<BR>[Address Reference Count : 1]<UL><LI> jcmarker.o(i.jinit_marker_writer)
</UL>
<P><STRONG><a name="[118]"></a>write_marker_header</STRONG> (Thumb, 48 bytes, Stack size 16 bytes, jcmarker.o(i.write_marker_header))
<BR><BR>[Stack]<UL><LI>Max Depth = 48<LI>Call Chain = write_marker_header &rArr; emit_marker &rArr; emit_byte
</UL>
<BR>[Calls]<UL><LI><a href="#[2d4]">&gt;&gt;</a>&nbsp;&nbsp;&nbsp;emit_marker
<LI><a href="#[2cf]">&gt;&gt;</a>&nbsp;&nbsp;&nbsp;emit_2bytes
</UL>
<BR>[Address Reference Count : 1]<UL><LI> jcmarker.o(i.jinit_marker_writer)
</UL>
<P><STRONG><a name="[115]"></a>write_scan_header</STRONG> (Thumb, 116 bytes, Stack size 24 bytes, jcmarker.o(i.write_scan_header))
<BR><BR>[Stack]<UL><LI>Max Depth = 112<LI>Call Chain = write_scan_header &rArr; emit_dac &rArr; emit_marker &rArr; emit_byte
</UL>
<BR>[Calls]<UL><LI><a href="#[2e6]">&gt;&gt;</a>&nbsp;&nbsp;&nbsp;emit_sos
<LI><a href="#[2dc]">&gt;&gt;</a>&nbsp;&nbsp;&nbsp;emit_dri
<LI><a href="#[2da]">&gt;&gt;</a>&nbsp;&nbsp;&nbsp;emit_dht
<LI><a href="#[2d9]">&gt;&gt;</a>&nbsp;&nbsp;&nbsp;emit_dac
</UL>
<BR>[Address Reference Count : 1]<UL><LI> jcmarker.o(i.jinit_marker_writer)
</UL>
<P><STRONG><a name="[117]"></a>write_tables_only</STRONG> (Thumb, 106 bytes, Stack size 16 bytes, jcmarker.o(i.write_tables_only))
<BR><BR>[Stack]<UL><LI>Max Depth = 80<LI>Call Chain = write_tables_only &rArr; emit_dqt &rArr; emit_marker &rArr; emit_byte
</UL>
<BR>[Calls]<UL><LI><a href="#[2d4]">&gt;&gt;</a>&nbsp;&nbsp;&nbsp;emit_marker
<LI><a href="#[2db]">&gt;&gt;</a>&nbsp;&nbsp;&nbsp;emit_dqt
<LI><a href="#[2da]">&gt;&gt;</a>&nbsp;&nbsp;&nbsp;emit_dht
</UL>
<BR>[Address Reference Count : 1]<UL><LI> jcmarker.o(i.jinit_marker_writer)
</UL>
<P><STRONG><a name="[126]"></a>empty_mem_output_buffer</STRONG> (Thumb, 84 bytes, Stack size 24 bytes, jdatadst.o(i.empty_mem_output_buffer))
<BR><BR>[Stack]<UL><LI>Max Depth = 44<LI>Call Chain = empty_mem_output_buffer &rArr; malloc
</UL>
<BR>[Calls]<UL><LI><a href="#[2e7]">&gt;&gt;</a>&nbsp;&nbsp;&nbsp;malloc
<LI><a href="#[21e]">&gt;&gt;</a>&nbsp;&nbsp;&nbsp;free
<LI><a href="#[217]">&gt;&gt;</a>&nbsp;&nbsp;&nbsp;__aeabi_memcpy
</UL>
<BR>[Address Reference Count : 1]<UL><LI> jdatadst.o(i.jpeg_mem_dest)
</UL>
<P><STRONG><a name="[125]"></a>init_mem_destination</STRONG> (Thumb, 2 bytes, Stack size 0 bytes, jdatadst.o(i.init_mem_destination))
<BR>[Address Reference Count : 1]<UL><LI> jdatadst.o(i.jpeg_mem_dest)
</UL>
<P><STRONG><a name="[127]"></a>term_mem_destination</STRONG> (Thumb, 22 bytes, Stack size 0 bytes, jdatadst.o(i.term_mem_destination))
<BR>[Address Reference Count : 1]<UL><LI> jdatadst.o(i.jpeg_mem_dest)
</UL>
<P><STRONG><a name="[129]"></a>emit_message</STRONG> (Thumb, 50 bytes, Stack size 16 bytes, jerror.o(i.emit_message))
<BR><BR>[Stack]<UL><LI>Max Depth = 16<LI>Call Chain = emit_message
</UL>
<BR>[Address Reference Count : 1]<UL><LI> jerror.o(i.jpeg_std_error)
</UL>
<P><STRONG><a name="[128]"></a>error_exit</STRONG> (Thumb, 20 bytes, Stack size 8 bytes, jerror.o(i.error_exit))
<BR><BR>[Stack]<UL><LI>Max Depth = 16<LI>Call Chain = error_exit &rArr; jpeg_destroy
</UL>
<BR>[Calls]<UL><LI><a href="#[2f2]">&gt;&gt;</a>&nbsp;&nbsp;&nbsp;jpeg_destroy
</UL>
<BR>[Address Reference Count : 1]<UL><LI> jerror.o(i.jpeg_std_error)
</UL>
<P><STRONG><a name="[12b]"></a>format_message</STRONG> (Thumb, 172 bytes, Stack size 64 bytes, jerror.o(i.format_message))
<BR><BR>[Stack]<UL><LI>Max Depth = 88<LI>Call Chain = format_message &rArr; __2sprintf
</UL>
<BR>[Calls]<UL><LI><a href="#[30d]">&gt;&gt;</a>&nbsp;&nbsp;&nbsp;__2sprintf
</UL>
<BR>[Address Reference Count : 1]<UL><LI> jerror.o(i.jpeg_std_error)
</UL>
<P><STRONG><a name="[12a]"></a>output_message</STRONG> (Thumb, 20 bytes, Stack size 208 bytes, jerror.o(i.output_message))
<BR><BR>[Stack]<UL><LI>Max Depth = 208<LI>Call Chain = output_message
</UL>
<BR>[Address Reference Count : 1]<UL><LI> jerror.o(i.jpeg_std_error)
</UL>
<P><STRONG><a name="[12c]"></a>reset_error_mgr</STRONG> (Thumb, 12 bytes, Stack size 0 bytes, jerror.o(i.reset_error_mgr))
<BR>[Address Reference Count : 1]<UL><LI> jerror.o(i.jpeg_std_error)
</UL>
<P><STRONG><a name="[122]"></a>access_virt_barray</STRONG> (Thumb, 272 bytes, Stack size 40 bytes, jmemmgr.o(i.access_virt_barray))
<BR><BR>[Stack]<UL><LI>Max Depth = 96<LI>Call Chain = access_virt_barray &rArr; do_barray_io
</UL>
<BR>[Calls]<UL><LI><a href="#[28f]">&gt;&gt;</a>&nbsp;&nbsp;&nbsp;do_barray_io
<LI><a href="#[1a3]">&gt;&gt;</a>&nbsp;&nbsp;&nbsp;__aeabi_memclr
</UL>
<BR>[Address Reference Count : 1]<UL><LI> jmemmgr.o(i.jinit_memory_mgr)
</UL>
<P><STRONG><a name="[121]"></a>access_virt_sarray</STRONG> (Thumb, 270 bytes, Stack size 40 bytes, jmemmgr.o(i.access_virt_sarray))
<BR><BR>[Stack]<UL><LI>Max Depth = 96<LI>Call Chain = access_virt_sarray &rArr; do_sarray_io
</UL>
<BR>[Calls]<UL><LI><a href="#[290]">&gt;&gt;</a>&nbsp;&nbsp;&nbsp;do_sarray_io
<LI><a href="#[1a3]">&gt;&gt;</a>&nbsp;&nbsp;&nbsp;__aeabi_memclr
</UL>
<BR>[Address Reference Count : 1]<UL><LI> jmemmgr.o(i.jinit_memory_mgr)
</UL>
<P><STRONG><a name="[11d]"></a>alloc_barray</STRONG> (Thumb, 148 bytes, Stack size 64 bytes, jmemmgr.o(i.alloc_barray))
<BR><BR>[Stack]<UL><LI>Max Depth = 192<LI>Call Chain = alloc_barray &rArr; alloc_small &rArr; jpeg_get_small &rArr; pvPortMalloc &rArr; xTaskResumeAll &rArr; xTaskIncrementTick
</UL>
<BR>[Calls]<UL><LI><a href="#[11a]">&gt;&gt;</a>&nbsp;&nbsp;&nbsp;alloc_small
<LI><a href="#[11b]">&gt;&gt;</a>&nbsp;&nbsp;&nbsp;alloc_large
</UL>
<BR>[Called By]<UL><LI><a href="#[120]">&gt;&gt;</a>&nbsp;&nbsp;&nbsp;realize_virt_arrays
</UL>
<BR>[Address Reference Count : 1]<UL><LI> jmemmgr.o(i.jinit_memory_mgr)
</UL>
<P><STRONG><a name="[11b]"></a>alloc_large</STRONG> (Thumb, 140 bytes, Stack size 32 bytes, jmemmgr.o(i.alloc_large))
<BR><BR>[Stack]<UL><LI>Max Depth = 112<LI>Call Chain = alloc_large &rArr; jpeg_get_large &rArr; pvPortMalloc &rArr; xTaskResumeAll &rArr; xTaskIncrementTick
</UL>
<BR>[Calls]<UL><LI><a href="#[294]">&gt;&gt;</a>&nbsp;&nbsp;&nbsp;jpeg_get_large
<LI><a href="#[293]">&gt;&gt;</a>&nbsp;&nbsp;&nbsp;out_of_memory
</UL>
<BR>[Called By]<UL><LI><a href="#[11c]">&gt;&gt;</a>&nbsp;&nbsp;&nbsp;alloc_sarray
<LI><a href="#[11d]">&gt;&gt;</a>&nbsp;&nbsp;&nbsp;alloc_barray
</UL>
<BR>[Address Reference Count : 1]<UL><LI> jmemmgr.o(i.jinit_memory_mgr)
</UL>
<P><STRONG><a name="[11c]"></a>alloc_sarray</STRONG> (Thumb, 146 bytes, Stack size 64 bytes, jmemmgr.o(i.alloc_sarray))
<BR><BR>[Stack]<UL><LI>Max Depth = 192<LI>Call Chain = alloc_sarray &rArr; alloc_small &rArr; jpeg_get_small &rArr; pvPortMalloc &rArr; xTaskResumeAll &rArr; xTaskIncrementTick
</UL>
<BR>[Calls]<UL><LI><a href="#[11a]">&gt;&gt;</a>&nbsp;&nbsp;&nbsp;alloc_small
<LI><a href="#[11b]">&gt;&gt;</a>&nbsp;&nbsp;&nbsp;alloc_large
</UL>
<BR>[Called By]<UL><LI><a href="#[120]">&gt;&gt;</a>&nbsp;&nbsp;&nbsp;realize_virt_arrays
</UL>
<BR>[Address Reference Count : 1]<UL><LI> jmemmgr.o(i.jinit_memory_mgr)
</UL>
<P><STRONG><a name="[11a]"></a>alloc_small</STRONG> (Thumb, 262 bytes, Stack size 48 bytes, jmemmgr.o(i.alloc_small))
<BR><BR>[Stack]<UL><LI>Max Depth = 128<LI>Call Chain = alloc_small &rArr; jpeg_get_small &rArr; pvPortMalloc &rArr; xTaskResumeAll &rArr; xTaskIncrementTick
</UL>
<BR>[Calls]<UL><LI><a href="#[295]">&gt;&gt;</a>&nbsp;&nbsp;&nbsp;jpeg_get_small
<LI><a href="#[293]">&gt;&gt;</a>&nbsp;&nbsp;&nbsp;out_of_memory
</UL>
<BR>[Called By]<UL><LI><a href="#[11e]">&gt;&gt;</a>&nbsp;&nbsp;&nbsp;request_virt_sarray
<LI><a href="#[11f]">&gt;&gt;</a>&nbsp;&nbsp;&nbsp;request_virt_barray
<LI><a href="#[11c]">&gt;&gt;</a>&nbsp;&nbsp;&nbsp;alloc_sarray
<LI><a href="#[11d]">&gt;&gt;</a>&nbsp;&nbsp;&nbsp;alloc_barray
</UL>
<BR>[Address Reference Count : 1]<UL><LI> jmemmgr.o(i.jinit_memory_mgr)
</UL>
<P><STRONG><a name="[28f]"></a>do_barray_io</STRONG> (Thumb, 170 bytes, Stack size 56 bytes, jmemmgr.o(i.do_barray_io))
<BR><BR>[Stack]<UL><LI>Max Depth = 56<LI>Call Chain = do_barray_io
</UL>
<BR>[Called By]<UL><LI><a href="#[122]">&gt;&gt;</a>&nbsp;&nbsp;&nbsp;access_virt_barray
</UL>

<P><STRONG><a name="[290]"></a>do_sarray_io</STRONG> (Thumb, 168 bytes, Stack size 56 bytes, jmemmgr.o(i.do_sarray_io))
<BR><BR>[Stack]<UL><LI>Max Depth = 56<LI>Call Chain = do_sarray_io
</UL>
<BR>[Called By]<UL><LI><a href="#[121]">&gt;&gt;</a>&nbsp;&nbsp;&nbsp;access_virt_sarray
</UL>

<P><STRONG><a name="[123]"></a>free_pool</STRONG> (Thumb, 242 bytes, Stack size 40 bytes, jmemmgr.o(i.free_pool))
<BR><BR>[Stack]<UL><LI>Max Depth = 112<LI>Call Chain = free_pool &rArr; jpeg_free_small &rArr; vPortFree &rArr; xTaskResumeAll &rArr; xTaskIncrementTick
</UL>
<BR>[Calls]<UL><LI><a href="#[311]">&gt;&gt;</a>&nbsp;&nbsp;&nbsp;jpeg_free_small
<LI><a href="#[310]">&gt;&gt;</a>&nbsp;&nbsp;&nbsp;jpeg_free_large
</UL>
<BR>[Called By]<UL><LI><a href="#[124]">&gt;&gt;</a>&nbsp;&nbsp;&nbsp;self_destruct
</UL>
<BR>[Address Reference Count : 1]<UL><LI> jmemmgr.o(i.jinit_memory_mgr)
</UL>
<P><STRONG><a name="[293]"></a>out_of_memory</STRONG> (Thumb, 26 bytes, Stack size 16 bytes, jmemmgr.o(i.out_of_memory))
<BR><BR>[Stack]<UL><LI>Max Depth = 16<LI>Call Chain = out_of_memory
</UL>
<BR>[Called By]<UL><LI><a href="#[11a]">&gt;&gt;</a>&nbsp;&nbsp;&nbsp;alloc_small
<LI><a href="#[11b]">&gt;&gt;</a>&nbsp;&nbsp;&nbsp;alloc_large
</UL>

<P><STRONG><a name="[120]"></a>realize_virt_arrays</STRONG> (Thumb, 308 bytes, Stack size 40 bytes, jmemmgr.o(i.realize_virt_arrays))
<BR><BR>[Stack]<UL><LI>Max Depth = 232<LI>Call Chain = realize_virt_arrays &rArr; alloc_sarray &rArr; alloc_small &rArr; jpeg_get_small &rArr; pvPortMalloc &rArr; xTaskResumeAll &rArr; xTaskIncrementTick
</UL>
<BR>[Calls]<UL><LI><a href="#[3eb]">&gt;&gt;</a>&nbsp;&nbsp;&nbsp;jpeg_open_backing_store
<LI><a href="#[3ea]">&gt;&gt;</a>&nbsp;&nbsp;&nbsp;jpeg_mem_available
<LI><a href="#[11c]">&gt;&gt;</a>&nbsp;&nbsp;&nbsp;alloc_sarray
<LI><a href="#[11d]">&gt;&gt;</a>&nbsp;&nbsp;&nbsp;alloc_barray
</UL>
<BR>[Address Reference Count : 1]<UL><LI> jmemmgr.o(i.jinit_memory_mgr)
</UL>
<P><STRONG><a name="[11f]"></a>request_virt_barray</STRONG> (Thumb, 90 bytes, Stack size 40 bytes, jmemmgr.o(i.request_virt_barray))
<BR><BR>[Stack]<UL><LI>Max Depth = 168<LI>Call Chain = request_virt_barray &rArr; alloc_small &rArr; jpeg_get_small &rArr; pvPortMalloc &rArr; xTaskResumeAll &rArr; xTaskIncrementTick
</UL>
<BR>[Calls]<UL><LI><a href="#[11a]">&gt;&gt;</a>&nbsp;&nbsp;&nbsp;alloc_small
</UL>
<BR>[Address Reference Count : 1]<UL><LI> jmemmgr.o(i.jinit_memory_mgr)
</UL>
<P><STRONG><a name="[11e]"></a>request_virt_sarray</STRONG> (Thumb, 90 bytes, Stack size 40 bytes, jmemmgr.o(i.request_virt_sarray))
<BR><BR>[Stack]<UL><LI>Max Depth = 168<LI>Call Chain = request_virt_sarray &rArr; alloc_small &rArr; jpeg_get_small &rArr; pvPortMalloc &rArr; xTaskResumeAll &rArr; xTaskIncrementTick
</UL>
<BR>[Calls]<UL><LI><a href="#[11a]">&gt;&gt;</a>&nbsp;&nbsp;&nbsp;alloc_small
</UL>
<BR>[Address Reference Count : 1]<UL><LI> jmemmgr.o(i.jinit_memory_mgr)
</UL>
<P><STRONG><a name="[124]"></a>self_destruct</STRONG> (Thumb, 44 bytes, Stack size 16 bytes, jmemmgr.o(i.self_destruct))
<BR><BR>[Stack]<UL><LI>Max Depth = 128<LI>Call Chain = self_destruct &rArr; free_pool &rArr; jpeg_free_small &rArr; vPortFree &rArr; xTaskResumeAll &rArr; xTaskIncrementTick
</UL>
<BR>[Calls]<UL><LI><a href="#[34c]">&gt;&gt;</a>&nbsp;&nbsp;&nbsp;jpeg_mem_term
<LI><a href="#[311]">&gt;&gt;</a>&nbsp;&nbsp;&nbsp;jpeg_free_small
<LI><a href="#[123]">&gt;&gt;</a>&nbsp;&nbsp;&nbsp;free_pool
</UL>
<BR>[Address Reference Count : 1]<UL><LI> jmemmgr.o(i.jinit_memory_mgr)
</UL>
<P><STRONG><a name="[275]"></a>_printf_core</STRONG> (Thumb, 996 bytes, Stack size 104 bytes, printf8.o(i._printf_core), UNUSED)
<BR><BR>[Calls]<UL><LI><a href="#[282]">&gt;&gt;</a>&nbsp;&nbsp;&nbsp;_printf_pre_padding
<LI><a href="#[283]">&gt;&gt;</a>&nbsp;&nbsp;&nbsp;_printf_post_padding
<LI><a href="#[19f]">&gt;&gt;</a>&nbsp;&nbsp;&nbsp;__aeabi_uldivmod
</UL>
<BR>[Called By]<UL><LI><a href="#[274]">&gt;&gt;</a>&nbsp;&nbsp;&nbsp;__0sprintf$8
</UL>

<P><STRONG><a name="[283]"></a>_printf_post_padding</STRONG> (Thumb, 36 bytes, Stack size 24 bytes, printf8.o(i._printf_post_padding), UNUSED)
<BR><BR>[Called By]<UL><LI><a href="#[275]">&gt;&gt;</a>&nbsp;&nbsp;&nbsp;_printf_core
</UL>

<P><STRONG><a name="[282]"></a>_printf_pre_padding</STRONG> (Thumb, 46 bytes, Stack size 24 bytes, printf8.o(i._printf_pre_padding), UNUSED)
<BR><BR>[Called By]<UL><LI><a href="#[275]">&gt;&gt;</a>&nbsp;&nbsp;&nbsp;_printf_core
</UL>

<P><STRONG><a name="[ec]"></a>_sputc</STRONG> (Thumb, 10 bytes, Stack size 0 bytes, printf8.o(i._sputc))
<BR><BR>[Called By]<UL><LI><a href="#[274]">&gt;&gt;</a>&nbsp;&nbsp;&nbsp;__0sprintf$8
</UL>
<BR>[Address Reference Count : 1]<UL><LI> printf8.o(i.__0sprintf$8)
</UL>
<P><STRONG><a name="[e1]"></a>_scanf_char_input</STRONG> (Thumb, 12 bytes, Stack size 0 bytes, scanf_char.o(.text))
<BR>[Address Reference Count : 1]<UL><LI> scanf_char.o(.text)
</UL><P>
<H3>
Undefined Global Symbols
</H3><HR></body></html>
